BL51 BANKED LINKER/LOCATER V6.22                                                        10/24/2019  16:31:18  PAGE 1


BL51 BANKED LINKER/LOCATER V6.22, INVOKED BY:
C:\PROGRAM FILES (X86)\KEIL 51\C51\BIN\BL51.EXE .\output\Main.obj, .\output\Initial.obj, .\output\Interrupt.obj, .\outpu
>> t\AfeProcess.obj, .\output\Balance.obj, .\output\Calibrate.obj, .\output\Calculate.obj, .\output\ShutDown.obj, .\outp
>> ut\Uart.obj, .\output\Led.obj, .\output\Memory.obj, .\output\Key.obj, .\output\STARTUP.obj, .\output\GasGauge.obj, .\
>> output\RTC.obj, .\output\ExtE2PRom.obj, .\output\McuFlash.obj, .\output\AfeMtp.obj, .\output\TwiIO.obj, .\output\TwiM
>> odule.obj, .\output\Common.obj, .\output\protect.obj, .\output\process.obj, .\output\adc.obj, .\output\funckey.obj, .
>> \output\ISP.obj TO .\output\MCUCore PRINT (.\output\MCUCore.m51) RAMSIZE (256) DISABLEWARNING (15, 16) CODE (?CO?MEMO
>> RY (0X01FE), ?PR?*?ISP (0XF400)) XDATA (0X0200-0X0AFF)


MEMORY MODEL: LARGE


INPUT MODULES INCLUDED:
  .\output\Main.obj (MAIN)
  .\output\Initial.obj (INITIAL)
  .\output\Interrupt.obj (INTERRUPT)
  .\output\AfeProcess.obj (AFEPROCESS)
  .\output\Balance.obj (BALANCE)
  .\output\Calibrate.obj (CALIBRATE)
  .\output\Calculate.obj (CALCULATE)
  .\output\ShutDown.obj (SHUTDOWN)
  .\output\Uart.obj (UART)
  .\output\Led.obj (LED)
  .\output\Memory.obj (MEMORY)
  .\output\Key.obj (KEY)
  .\output\STARTUP.obj (?C_STARTUP)
  .\output\GasGauge.obj (GASGAUGE)
  .\output\RTC.obj (RTC)
  .\output\ExtE2PRom.obj (EXTE2PROM)
  .\output\McuFlash.obj (MCUFLASH)
  .\output\AfeMtp.obj (AFEMTP)
  .\output\TwiIO.obj (TWIIO)
  .\output\TwiModule.obj (TWIMODULE)
  .\output\Common.obj (COMMON)
  .\output\protect.obj (PROTECT)
  .\output\process.obj (PROCESS)
  .\output\adc.obj (ADC)
  .\output\funckey.obj (FUNCKEY)
  .\output\ISP.obj (ISP)
  C:\PROGRAM FILES (X86)\KEIL 51\C51\LIB\C51L.LIB (?C_INIT)
  C:\PROGRAM FILES (X86)\KEIL 51\C51\LIB\C51L.LIB (?C?COPY)
  C:\PROGRAM FILES (X86)\KEIL 51\C51\LIB\C51L.LIB (?C?CLDPTR)
  C:\PROGRAM FILES (X86)\KEIL 51\C51\LIB\C51L.LIB (?C?IMUL)
  C:\PROGRAM FILES (X86)\KEIL 51\C51\LIB\C51L.LIB (?C?UIDIV)
  C:\PROGRAM FILES (X86)\KEIL 51\C51\LIB\C51L.LIB (?C?SIDIV)
  C:\PROGRAM FILES (X86)\KEIL 51\C51\LIB\C51L.LIB (?C?IILDX)
  C:\PROGRAM FILES (X86)\KEIL 51\C51\LIB\C51L.LIB (?C?ILDIX)
  C:\PROGRAM FILES (X86)\KEIL 51\C51\LIB\C51L.LIB (?C?ILDOPTR)
  C:\PROGRAM FILES (X86)\KEIL 51\C51\LIB\C51L.LIB (?C?ISTOPTR)
  C:\PROGRAM FILES (X86)\KEIL 51\C51\LIB\C51L.LIB (?C?LMUL)
  C:\PROGRAM FILES (X86)\KEIL 51\C51\LIB\C51L.LIB (?C?ULDIV)
  C:\PROGRAM FILES (X86)\KEIL 51\C51\LIB\C51L.LIB (?C?SLDIV)
  C:\PROGRAM FILES (X86)\KEIL 51\C51\LIB\C51L.LIB (?C?LNEG)
  C:\PROGRAM FILES (X86)\KEIL 51\C51\LIB\C51L.LIB (?C?SLCMP)
  C:\PROGRAM FILES (X86)\KEIL 51\C51\LIB\C51L.LIB (?C?ULCMP)
  C:\PROGRAM FILES (X86)\KEIL 51\C51\LIB\C51L.LIB (?C?ULSHR)
  C:\PROGRAM FILES (X86)\KEIL 51\C51\LIB\C51L.LIB (?C?SLSHR)
BL51 BANKED LINKER/LOCATER V6.22                                                      10/24/2019  16:31:18  PAGE 2


  C:\PROGRAM FILES (X86)\KEIL 51\C51\LIB\C51L.LIB (?C?LSHL)
  C:\PROGRAM FILES (X86)\KEIL 51\C51\LIB\C51L.LIB (?C?LSTXDATA)
  C:\PROGRAM FILES (X86)\KEIL 51\C51\LIB\C51L.LIB (?C?LSTKXDATA)
  C:\PROGRAM FILES (X86)\KEIL 51\C51\LIB\C51L.LIB (?C?CCASE)
  C:\PROGRAM FILES (X86)\KEIL 51\C51\LIB\C51L.LIB (?C?ICASE)
  C:\PROGRAM FILES (X86)\KEIL 51\C51\LIB\C51L.LIB (?C?LIMUL)
  C:\PROGRAM FILES (X86)\KEIL 51\C51\LIB\C51L.LIB (PRINTF)
  C:\PROGRAM FILES (X86)\KEIL 51\C51\LIB\C51L.LIB (?C?CLDOPTR)
  C:\PROGRAM FILES (X86)\KEIL 51\C51\LIB\C51L.LIB (?C?CSTPTR)
  C:\PROGRAM FILES (X86)\KEIL 51\C51\LIB\C51L.LIB (?C?PLDIXDATA)
  C:\PROGRAM FILES (X86)\KEIL 51\C51\LIB\C51L.LIB (?C?PSTXDATA)


LINK MAP OF MODULE:  .\output\MCUCore (MAIN)


            TYPE    BASE      LENGTH    RELOCATION   SEGMENT NAME
            -----------------------------------------------------

            * * * * * * *   D A T A   M E M O R Y   * * * * * * *
            REG     0000H     0008H     ABSOLUTE     "REG BANK 0"
            DATA    0008H     000FH     UNIT         ?DT?MEMORY
            IDATA   0017H     0004H     UNIT         ?ID?MEMORY
            IDATA   001BH     0002H     UNIT         _IDATA_GROUP_
                    001DH     0003H                  *** GAP ***
            DATA    0020H     0006H     BIT_ADDR     ?BA?MEMORY
            BIT     0026H.0   0005H.4   UNIT         ?BI?MEMORY
            BIT     002BH.4   0001H.3   UNIT         _BIT_GROUP_
            BIT     002CH.7   0000H.1   UNIT         ?BI?CALIVOLTAGESUB?CALIBRATE
            BIT     002DH.0   0000H.1   UNIT         ?BI?CALICURRENTSUB?CALIBRATE
            BIT     002DH.1   0000H.1   UNIT         ?BI?CALICUROFFSETSUB?CALIBRATE
            BIT     002DH.2   0000H.1   UNIT         ?BI?CALITS1SUB?CALIBRATE
            BIT     002DH.3   0000H.1   UNIT         ?BI?CALITS2SUB?CALIBRATE
            BIT     002DH.4   0000H.1   UNIT         ?BI?CALIRTCTIME?CALIBRATE
            BIT     002DH.5   0000H.1   UNIT         ?BI?CALIPROCESS?CALIBRATE
            BIT     002DH.6   0000H.1   UNIT         ?BI?UART
            BIT     002DH.7   0000H.1   UNIT         ?BI?_RTCWRITE?RTC
            BIT     002EH.0   0000H.1   UNIT         ?BI?_RTCREAD?RTC
            BIT     002EH.1   0000H.1   UNIT         ?BI?RTCREADTIME?RTC
            BIT     002EH.2   0000H.1   UNIT         ?BI?RTCMODIFYTIME?RTC
            BIT     002EH.3   0000H.1   UNIT         ?BI?_E2PROMREAD?EXTE2PROM
                    002EH.4   0000H.4                *** GAP ***
            DATA    002FH     000BH     UNIT         _DATA_GROUP_
                    003AH     0066H                  *** GAP ***
            IDATA   00A0H     0060H     ABSOLUTE     

            * * * * * * *  X D A T A   M E M O R Y  * * * * * * *
            XDATA   0000H     0002H     ABSOLUTE     
            XDATA   0002H     0014H     ABSOLUTE     
            XDATA   0016H     0004H     ABSOLUTE     
            XDATA   001AH     0004H     ABSOLUTE     
            XDATA   001EH     0004H     ABSOLUTE     
            XDATA   0022H     0002H     ABSOLUTE     
            XDATA   0024H     0002H     ABSOLUTE     
            XDATA   0026H     0002H     ABSOLUTE     
            XDATA   0028H     0002H     ABSOLUTE     
            XDATA   002AH     0001H     ABSOLUTE     
BL51 BANKED LINKER/LOCATER V6.22                                                      10/24/2019  16:31:18  PAGE 3


            XDATA   002BH     0001H     ABSOLUTE     
            XDATA   002CH     0002H     ABSOLUTE     
            XDATA   002EH     0001H     ABSOLUTE     
            XDATA   002FH     0001H     ABSOLUTE     
            XDATA   0030H     0002H     ABSOLUTE     
            XDATA   0032H     0002H     ABSOLUTE     
            XDATA   0034H     0001H     ABSOLUTE     
            XDATA   0035H     000CH     ABSOLUTE     
            XDATA   0041H     0004H     ABSOLUTE     
            XDATA   0045H     0002H     ABSOLUTE     
            XDATA   0047H     000CH     ABSOLUTE     
            XDATA   0053H     000CH     ABSOLUTE     
            XDATA   005FH     0002H     ABSOLUTE     
            XDATA   0061H     0001H     ABSOLUTE     
            XDATA   0062H     0002H     ABSOLUTE     
            XDATA   0064H     0002H     ABSOLUTE     
            XDATA   0066H     0001H     ABSOLUTE     
            XDATA   0067H     0001H     ABSOLUTE     
            XDATA   0068H     0002H     ABSOLUTE     
            XDATA   006AH     0002H     ABSOLUTE     
            XDATA   006CH     0001H     ABSOLUTE     
            XDATA   006DH     0004H     ABSOLUTE     
            XDATA   0071H     0001H     ABSOLUTE     
            XDATA   0072H     0001H     ABSOLUTE     
            XDATA   0073H     0001H     ABSOLUTE     
            XDATA   0074H     0002H     ABSOLUTE     
            XDATA   0076H     0002H     ABSOLUTE     
            XDATA   0078H     0001H     ABSOLUTE     
            XDATA   0079H     0001H     ABSOLUTE     
            XDATA   007AH     0002H     ABSOLUTE     
            XDATA   007CH     0001H     ABSOLUTE     
            XDATA   007DH     0004H     ABSOLUTE     
            XDATA   0081H     0001H     ABSOLUTE     
            XDATA   0082H     0004H     ABSOLUTE     
            XDATA   0086H     0001H     ABSOLUTE     
            XDATA   0087H     0001H     ABSOLUTE     
            XDATA   0088H     0001H     ABSOLUTE     
            XDATA   0089H     0002H     ABSOLUTE     
            XDATA   008BH     0001H     ABSOLUTE     
            XDATA   008CH     0001H     ABSOLUTE     
            XDATA   008DH     0001H     ABSOLUTE     
            XDATA   008EH     0002H     ABSOLUTE     
            XDATA   0090H     0002H     ABSOLUTE     
            XDATA   0092H     0002H     ABSOLUTE     
            XDATA   0094H     0002H     ABSOLUTE     
            XDATA   0096H     0001H     ABSOLUTE     
            XDATA   0097H     0001H     ABSOLUTE     
            XDATA   0098H     0001H     ABSOLUTE     
            XDATA   0099H     0002H     ABSOLUTE     
            XDATA   009BH     0002H     ABSOLUTE     
            XDATA   009DH     0002H     ABSOLUTE     
            XDATA   009FH     0002H     ABSOLUTE     
            XDATA   00A1H     0001H     ABSOLUTE     
            XDATA   00A2H     0002H     ABSOLUTE     
            XDATA   00A4H     0002H     ABSOLUTE     
            XDATA   00A6H     0002H     ABSOLUTE     
            XDATA   00A8H     0001H     ABSOLUTE     
BL51 BANKED LINKER/LOCATER V6.22                                                      10/24/2019  16:31:18  PAGE 4


            XDATA   00A9H     0001H     ABSOLUTE     
            XDATA   00AAH     0001H     ABSOLUTE     
            XDATA   00ABH     0002H     ABSOLUTE     
            XDATA   00ADH     0001H     ABSOLUTE     
            XDATA   00AEH     0002H     ABSOLUTE     
            XDATA   00B0H     0002H     ABSOLUTE     
            XDATA   00B2H     0002H     ABSOLUTE     
            XDATA   00B4H     0002H     ABSOLUTE     
            XDATA   00B6H     0002H     ABSOLUTE     
            XDATA   00B8H     0001H     ABSOLUTE     
            XDATA   00B9H     0001H     ABSOLUTE     
            XDATA   00BAH     0144H     ABSOLUTE     
            XDATA   01FEH     0002H     ABSOLUTE     
            XDATA   0200H     0041H     UNIT         _XDATA_GROUP_
            XDATA   0241H     0021H     UNIT         ?XD?_E2PROMBKDATA?EXTE2PROM
            XDATA   0262H     0011H     UNIT         ?XD?INITRTC?RTC
            XDATA   0273H     000CH     UNIT         ?XD?PROTECT
            XDATA   027FH     000AH     UNIT         ?XD?E2PROMERASE?EXTE2PROM
            XDATA   0289H     000AH     UNIT         ?XD?E2PROMBKRTC?EXTE2PROM
            XDATA   0293H     0009H     UNIT         ?XD?RTCREADTIME?RTC
            XDATA   029CH     0008H     UNIT         ?XD?RTCMODIFYTIME?RTC
            XDATA   02A4H     0008H     UNIT         ?XD?INITE2PROM?EXTE2PROM
            XDATA   02ACH     0008H     UNIT         ?XD?E2PROMBKBOOT?EXTE2PROM
            XDATA   02B4H     0006H     UNIT         ?XD?_E2PROMWRITE?EXTE2PROM
            XDATA   02BAH     0006H     UNIT         ?XD?_E2PROMREAD?EXTE2PROM
            XDATA   02C0H     0005H     UNIT         ?XD?_CRC16?UART
            XDATA   02C5H     0005H     UNIT         ?XD?FUNCKEY
            XDATA   02CAH     0004H     UNIT         ?XD?CALICURRENTSUB?CALIBRATE
            XDATA   02CEH     0002H     UNIT         ?XD?INITIAL
            XDATA   02D0H     0001H     ABSOLUTE     
            XDATA   02D1H     0001H     ABSOLUTE     
            XDATA   02D2H     0001H     ABSOLUTE     
            XDATA   02D3H     0001H     ABSOLUTE     
            XDATA   02D4H     0001H     ABSOLUTE     
            XDATA   02D5H     0001H     ABSOLUTE     
            XDATA   02D6H     0001H     ABSOLUTE     
            XDATA   02D7H     0001H     ABSOLUTE     
            XDATA   02D8H     0001H     ABSOLUTE     
            XDATA   02D9H     0001H     ABSOLUTE     
            XDATA   02DAH     0001H     ABSOLUTE     
            XDATA   02DBH     0001H     ABSOLUTE     
            XDATA   02DCH     0001H     ABSOLUTE     
            XDATA   02DDH     0001H     ABSOLUTE     
            XDATA   02DEH     0001H     ABSOLUTE     
            XDATA   02DFH     0001H     ABSOLUTE     
            XDATA   02E0H     0118H     UNIT         ?XD?MEMORY
            XDATA   03F8H     0004H     UNIT         ?XD?CALICUROFFSETSUB?CALIBRATE
            XDATA   03FCH     0004H     UNIT         ?XD?_RTCWRITE?RTC
            XDATA   0400H     0096H     ABSOLUTE     
            XDATA   0496H     0001H     ABSOLUTE     
            XDATA   0497H     0001H     ABSOLUTE     
            XDATA   0498H     0001H     ABSOLUTE     
            XDATA   0499H     0202H     UNIT         ?XD?UART
            XDATA   069BH     0004H     UNIT         ?XD?_RTCREAD?RTC
            XDATA   069FH     0004H     UNIT         ?XD?CHK_FUSE_PORON?PROTECT
            XDATA   06A3H     0003H     UNIT         ?XD?_UART_SEND_STRING?MAIN
            XDATA   06A6H     0003H     UNIT         ?XD?CALIVOLTAGESUB?CALIBRATE
BL51 BANKED LINKER/LOCATER V6.22                                                      10/24/2019  16:31:18  PAGE 5


            XDATA   06A9H     0002H     UNIT         ?XD?BALPROCESS?BALANCE
            XDATA   06ABH     0002H     UNIT         ?XD?_UARTWRITEINFO?UART
            XDATA   06ADH     0002H     UNIT         ?XD?UARTRDCMDPROCESS?UART
            XDATA   06AFH     0002H     UNIT         ?XD?UARTWRCMDPROCESS?UART
            XDATA   06B1H     0002H     UNIT         ?XD?_MEMORYCOPY?COMMON
            XDATA   06B3H     0001H     UNIT         ?XD?MAIN
            XDATA   06B4H     0001H     UNIT         ?XD?E2PROMBKPROCESS?EXTE2PROM
            XDATA   06B5H     0001H     UNIT         ?XD?PROCESS

            * * * * * * *   C O D E   M E M O R Y   * * * * * * *
            CODE    0000H     0003H     ABSOLUTE     
            CODE    0003H     0020H     UNIT         ?PR?INITIRQ?INITIAL
            CODE    0023H     0003H     ABSOLUTE     
            CODE    0026H     0003H     UNIT         ?PR?MCU_33V_PROCUDE?PROCESS
                    0029H     0002H                  *** GAP ***
            CODE    002BH     0003H     ABSOLUTE     
            CODE    002EH     0025H     UNIT         ?PR?INITGPIO?INITIAL
            CODE    0053H     0003H     ABSOLUTE     
                    0056H     0005H                  *** GAP ***
            CODE    005BH     0003H     ABSOLUTE     
            CODE    005EH     016DH     UNIT         ?CO?AFEPROCESS
            CODE    01CBH     0033H     UNIT         ?PR?CLRRAM?COMMON
            CODE    01FEH     0005H     UNIT         ?CO?MEMORY
            CODE    0203H     05E5H     UNIT         ?PR?GAUGEMANAGE?GASGAUGE
            CODE    07E8H     04E5H     UNIT         ?C?LIB_CODE
            CODE    0CCDH     0377H     UNIT         ?PR?UPDATA_PACK_FAULT_FLAG?PROCESS
            CODE    1044H     0365H     UNIT         ?PR?PRINTF?PRINTF
            CODE    13A9H     02DEH     UNIT         ?PR?TEMPEPROTECT?AFEPROCESS
            CODE    1687H     025FH     UNIT         ?C_INITSEG
            CODE    18E6H     0256H     UNIT         ?PR?_CALCUTEMP?CALCULATE
            CODE    1B3CH     0237H     UNIT         ?PR?INITGASGAUGE?GASGAUGE
            CODE    1D73H     020EH     UNIT         ?PR?UARTRDCMDPROCESS?UART
            CODE    1F81H     0205H     UNIT         ?PR?_E2PROMBKDATA?EXTE2PROM
            CODE    2186H     01FEH     UNIT         ?PR?CURRPROCESS?AFEPROCESS
            CODE    2384H     01E3H     UNIT         ?CO?GASGAUGE
            CODE    2567H     01C4H     UNIT         ?PR?_TWIREAD?TWIMODULE
            CODE    272BH     01BCH     UNIT         ?PR?INITSYSPARA?INITIAL
            CODE    28E7H     0167H     UNIT         ?PR?VOLPROTECT?AFEPROCESS
            CODE    2A4EH     015BH     UNIT         ?PR?CHKMOSSTATUS?AFEPROCESS
            CODE    2BA9H     0146H     UNIT         ?PR?CALCUVOLTAGE?CALCULATE
            CODE    2CEFH     0142H     UNIT         ?CO?CALCULATE
            CODE    2E31H     012BH     UNIT         ?PR?INITRTC?RTC
            CODE    2F5CH     0123H     UNIT         ?PR?BALMANAGE?BALANCE
            CODE    307FH     0123H     UNIT         ?PR?_PAIXU?ADC
            CODE    31A2H     0122H     UNIT         ?PR?_TWIWRITE?TWIMODULE
            CODE    32C4H     010FH     UNIT         ?PR?FLASHPROCESS?MCUFLASH
            CODE    33D3H     010EH     UNIT         ?PR?CURRPROTECT?AFEPROCESS
            CODE    34E1H     0104H     UNIT         ?PR?VOLPROCESS?AFEPROCESS
            CODE    35E5H     0100H     UNIT         ?CO?TWIMODULE
            CODE    36E5H     00F3H     UNIT         ?PR?INITVAR?INITIAL
            CODE    37D8H     00EEH     UNIT         ?PR?INPUT_VOL_JUDGE?PROTECT
            CODE    38C6H     00E0H     UNIT         ?PR?CALCUTEMPERATURE?CALCULATE
            CODE    39A6H     00D3H     UNIT         ?PR?E2PROMBKCHECK?EXTE2PROM
            CODE    3A79H     00CBH     UNIT         ?PR?CHECKLOAD?AFEPROCESS
            CODE    3B44H     00C7H     UNIT         ?PR?PORONPROTECT?AFEPROCESS
            CODE    3C0BH     00C6H     UNIT         ?PR?CALIPROCESS?CALIBRATE
            CODE    3CD1H     00C2H     UNIT         ?PR?CHK_FUSE?PROTECT
BL51 BANKED LINKER/LOCATER V6.22                                                      10/24/2019  16:31:18  PAGE 6


            CODE    3D93H     00BEH     UNIT         ?PR?BALPROCESS?BALANCE
            CODE    3E51H     00B5H     UNIT         ?PR?CHECKCHARGER?AFEPROCESS
            CODE    3F06H     00AEH     UNIT         ?PR?CALIBCURRENT?UART
            CODE    3FB4H     00A7H     UNIT         ?PR?UARTWRCMDPROCESS?UART
            CODE    405BH     00A6H     UNIT         ?PR?CHK_FUSE_PORON?PROTECT
            CODE    4101H     00A5H     UNIT         ?PR?RTCREADTIME?RTC
            CODE    41A6H     009DH     UNIT         ?PR?RECOVERYOC?AFEPROCESS
            CODE    4243H     009DH     UNIT         ?PR?CALIVOLTAGESUB?CALIBRATE
            CODE    42E0H     009CH     UNIT         ?PR?MCU_CHK_CDMOS?PROCESS
            CODE    437CH     0096H     UNIT         ?PR?CALICURRENTSUB?CALIBRATE
            CODE    4412H     0093H     UNIT         ?PR?_WRITEMCUFLASH?MCUFLASH
            CODE    44A5H     008CH     UNIT         ?PR?LOWPOWERCHECK?SHUTDOWN
            CODE    4531H     0089H     UNIT         ?PR?PROTECTPROCESS?AFEPROCESS
            CODE    45BAH     0088H     UNIT         ?PR?GETAFEDATA?CALCULATE
            CODE    4642H     0086H     UNIT         ?C_C51STARTUP
            CODE    46C8H     0086H     UNIT         ?PR?_READMCUFLASH?MCUFLASH
            CODE    474EH     0082H     UNIT         ?CO?MCUFLASH
            CODE    47D0H     0080H     UNIT         ?PR?INITE2PROM?EXTE2PROM
            CODE    4850H     0080H     UNIT         ?PR?_ADCREAD?ADC
            CODE    48D0H     007EH     UNIT         ?PR?_WRITEE2SECTOR?MCUFLASH
            CODE    494EH     0078H     UNIT         ?PR?CALICUROFFSETSUB?CALIBRATE
            CODE    49C6H     0074H     UNIT         ?PR?MAIN?MAIN
            CODE    4A3AH     0074H     UNIT         ?PR?_UARTWRITEINFO?UART
            CODE    4AAEH     0070H     UNIT         ?PR?E2PROMERASE?EXTE2PROM
            CODE    4B1EH     006AH     UNIT         ?CO?PROCESS
            CODE    4B88H     0069H     UNIT         ?PR?UARTRDE2PROM?EXTE2PROM
            CODE    4BF1H     0063H     UNIT         ?PR?_UARTREADINFO?UART
            CODE    4C54H     0063H     UNIT         ?PR?INTERRUPTUART?UART
            CODE    4CB7H     0063H     UNIT         ?PR?_E2DATACHECKUP?MCUFLASH
            CODE    4D1AH     005FH     UNIT         ?PR?INTERRUPTINT4?INTERRUPT
            CODE    4D79H     005FH     UNIT         ?PR?RTCMODIFYTIME?RTC
            CODE    4DD8H     005EH     UNIT         ?PR?RAMCHECKPROCESS?COMMON
            CODE    4E36H     005BH     UNIT         ?PR?AFERAMCHECK?AFEPROCESS
            CODE    4E91H     0057H     UNIT         ?PR?CALITS1SUB?CALIBRATE
            CODE    4EE8H     0057H     UNIT         ?PR?CALITS2SUB?CALIBRATE
            CODE    4F3FH     0057H     UNIT         ?PR?_CRC16?UART
            CODE    4F96H     0056H     UNIT         ?PR?INPUT_CHARGER_DETECT?PROTECT
            CODE    4FECH     0055H     UNIT         ?PR?E2PROMBKRTC?EXTE2PROM
            CODE    5041H     0054H     UNIT         ?PR?E2PROMBKPROCESS?EXTE2PROM
            CODE    5095H     0052H     UNIT         ?CO?UART
            CODE    50E7H     0051H     UNIT         ?PR?SYSTEMINTOIDLE?SHUTDOWN
            CODE    5138H     004FH     UNIT         ?PR?_E2PROMREAD?EXTE2PROM
            CODE    5187H     004FH     UNIT         ?PR?UARTRDRTC?EXTE2PROM
            CODE    51D6H     004EH     UNIT         ?PR?WAKEUPPROCESS?SHUTDOWN
            CODE    5224H     004EH     UNIT         ?PR?_RTCWRITE?RTC
            CODE    5272H     004EH     UNIT         ?PR?_RTCREAD?RTC
            CODE    52C0H     004EH     UNIT         ?PR?INPUT_CHARGER_DETECT_PORON?PROTECT
            CODE    530EH     004BH     UNIT         ?PR?INTERRUPTTIMER3?INTERRUPT
            CODE    5359H     004BH     UNIT         ?PR?WAITADCCONVERT?AFEPROCESS
            CODE    53A4H     004BH     UNIT         ?PR?_TWIWRITEAFE?AFEMTP
            CODE    53EFH     004BH     UNIT         ?PR?_TWIREADAFE?AFEMTP
            CODE    543AH     004AH     UNIT         ?PR?ALARMPROCESS?AFEPROCESS
            CODE    5484H     0049H     UNIT         ?PR?CALIBVOLTAGE?UART
            CODE    54CDH     0049H     UNIT         ?PR?CALIBTS1?UART
            CODE    5516H     0049H     UNIT         ?PR?CALIBTS2?UART
            CODE    555FH     0049H     UNIT         ?PR?CALIBRTC?UART
            CODE    55A8H     0049H     UNIT         ?PR?KEY_PROC?FUNCKEY
BL51 BANKED LINKER/LOCATER V6.22                                                      10/24/2019  16:31:18  PAGE 7


            CODE    55F1H     0048H     UNIT         ?PR?_E2PROMWRITE?EXTE2PROM
            CODE    5639H     0046H     UNIT         ?PR?CHK_CELL_VOLDIFF?PROTECT
            CODE    567FH     0045H     UNIT         ?PR?WRITEMANUFACTURE?UART
            CODE    56C4H     0044H     UNIT         ?PR?ALLINITIAL?INITIAL
            CODE    5708H     0044H     UNIT         ?C?LDIV
            CODE    574CH     0043H     UNIT         ?PR?INITPWM?INITIAL
            CODE    578FH     0042H     UNIT         ?PR?CONTROLMOS?AFEPROCESS
            CODE    57D1H     0041H     UNIT         ?PR?E2PROMBKBOOT?EXTE2PROM
            CODE    5812H     0040H     UNIT         ?PR?_GETAD_VALUE?ADC
            CODE    5852H     003EH     UNIT         ?PR?CALIRTCTIME?CALIBRATE
            CODE    5890H     003EH     UNIT         ?PR?LOWPOWERPROCESS?SHUTDOWN
            CODE    58CEH     003DH     UNIT         ?PR?PARTIALINITIAL?INITIAL
            CODE    590BH     003DH     UNIT         ?PR?INITIAL?INITIAL
            CODE    5948H     0038H     UNIT         ?PR?INPUT_VOL_JUDGE_PORON?PROTECT
            CODE    5980H     0037H     UNIT         ?PR?READSUBCLASSID?UART
            CODE    59B7H     0037H     UNIT         ?PR?_MEMORYCOPY?COMMON
            CODE    59EEH     0036H     UNIT         ?PR?CALIBCUROFFSET?UART
            CODE    5A24H     0034H     UNIT         ?PR?_UART_SEND_STRING?MAIN
            CODE    5A58H     0034H     UNIT         ?PR?CLEARAFEFLG?AFEMTP
            CODE    5A8CH     0031H     UNIT         ?PR?INITAFE?AFEMTP
            CODE    5ABDH     002EH     UNIT         ?PR?_FLASH_WIRTE_ONE_BYTE?MCUFLASH
            CODE    5AEBH     002EH     UNIT         ?PR?_MEMORYSET?COMMON
            CODE    5B19H     002DH     UNIT         ?PR?ISPHANDSHAKE?UART
            CODE    5B46H     0029H     UNIT         ?PR?_BLACKE2CHECKUP?MCUFLASH
            CODE    5B6FH     0027H     UNIT         ?PR?_TWICHECKSTATUS?TWIMODULE
            CODE    5B96H     0024H     UNIT         ?PR?CHK_CELL_VOLDIFF_PORON?PROTECT
            CODE    5BBAH     0024H     UNIT         ?CO?ADC
            CODE    5BDEH     0023H     UNIT         ?PR?CHECKCTOVOL?BALANCE
            CODE    5C01H     0021H     UNIT         ?PR?INITUART0?UART
            CODE    5C22H     0020H     UNIT         ?PR?INTOPOWERDOWN?AFEPROCESS
            CODE    5C42H     0020H     UNIT         ?PR?AFE_MODE2IDLE?SHUTDOWN
            CODE    5C62H     001FH     UNIT         ?PR?_CRC8CAL?TWIMODULE
            CODE    5C81H     001DH     UNIT         ?PR?DEBUG_LED1?INITIAL
            CODE    5C9EH     001DH     UNIT         ?PR?DEBUG_LED2?INITIAL
            CODE    5CBBH     001DH     UNIT         ?PR?DEBUG_LED4?INITIAL
            CODE    5CD8H     001DH     UNIT         ?PR?DEBUG_LED8?INITIAL
            CODE    5CF5H     001DH     UNIT         ?PR?CLOSEBAL?BALANCE
            CODE    5D12H     001BH     UNIT         ?PR?CELLOPENPROCESS?BALANCE
            CODE    5D2DH     001AH     UNIT         ?PR?INTERRUPTINT3?INTERRUPT
            CODE    5D47H     0019H     UNIT         ?CO?MAIN
            CODE    5D60H     0019H     UNIT         ?PR?_DELAY1MS?COMMON
            CODE    5D79H     0016H     UNIT         ?PR?KEY_READ?FUNCKEY
            CODE    5D8FH     0015H     UNIT         ?PR?WRITEFLASHCHECK?MCUFLASH
            CODE    5DA4H     0013H     UNIT         ?PR?INITTWI?TWIMODULE
            CODE    5DB7H     0013H     UNIT         ?PR?RESETINIT?COMMON
            CODE    5DCAH     0012H     UNIT         ?PR?INITTIMER?INITIAL
            CODE    5DDCH     0012H     UNIT         ?PR?UARTHANDSHAKE?UART
            CODE    5DEEH     0010H     UNIT         ?PR?ROIDMI_INIT?INITIAL
            CODE    5DFEH     0010H     UNIT         ?PR?ADC_INIT?ADC
            CODE    5E0EH     000FH     UNIT         ?PR?INITCLK?INITIAL
            CODE    5E1DH     000DH     UNIT         ?PR?INITSEALCALIBRATE?INITIAL
            CODE    5E2AH     000DH     UNIT         ?CO?INITIAL
            CODE    5E37H     000CH     UNIT         ?PR?_UART_SEND_BYTE?MAIN
            CODE    5E43H     000CH     UNIT         ?PR?BATTERYINFOMANAGE?CALCULATE
            CODE    5E4FH     000CH     UNIT         ?PR?INTOIDLE?COMMON
            CODE    5E5BH     000CH     UNIT         ?PR?INTOPD?COMMON
            CODE    5E67H     0009H     UNIT         ?PR?BUTTON_KEY0_READ?FUNCKEY
BL51 BANKED LINKER/LOCATER V6.22                                                      10/24/2019  16:31:18  PAGE 8


            CODE    5E70H     0008H     UNIT         ?PR?MCU_SHORT_CLEAN?PROCESS
            CODE    5E78H     0007H     UNIT         ?PR?SCAN_KEY?FUNCKEY
            CODE    5E7FH     0006H     UNIT         ?PR?_PUTCHAR?MAIN
            CODE    5E85H     0006H     UNIT         ?PR?SYSTEMINTOPD?SHUTDOWN
                    5E8BH     9575H                  *** GAP ***
            CODE    F400H     0109H     UNIT         ?PR?ISPPROCESS?ISP
            CODE    F509H     02B7H     UNIT         ?PR?ISPPROCESSCMD?ISP



OVERLAY MAP OF MODULE:   .\output\MCUCore (MAIN)


SEGMENT                                           BIT_GROUP          DATA_GROUP          IDATA_GROUP         XDATA_GROUP
>> 
  +--> CALLED SEGMENT                          START    LENGTH     START    LENGTH     START    LENGTH     START    LENG
>> TH
------------------------------------------------------------------------------------------------------------------------
>> --
?PR?INTERRUPTINT4?INTERRUPT                    -----    -----      -----    -----      -----    -----      -----    ----
>> -
  +--> ?PR?INITCLK?INITIAL

*** NEW ROOT ***************************************************

?C_C51STARTUP                                  -----    -----      -----    -----      -----    -----      -----    ----
>> -
  +--> ?PR?MAIN?MAIN
  +--> ?C_INITSEG

?PR?MAIN?MAIN                                  -----    -----      -----    -----      -----    -----      -----    ----
>> -
  +--> ?PR?INITIAL?INITIAL
  +--> ?PR?RESETINIT?COMMON
  +--> ?PR?WAKEUPPROCESS?SHUTDOWN
  +--> ?PR?ALARMPROCESS?AFEPROCESS
  +--> ?PR?CURRPROCESS?AFEPROCESS
  +--> ?PR?BATTERYINFOMANAGE?CALCULATE
  +--> ?PR?CHECKCTOVOL?BALANCE
  +--> ?CO?MAIN
  +--> ?PR?PRINTF?PRINTF
  +--> ?PR?FLASHPROCESS?MCUFLASH
  +--> ?PR?PROTECTPROCESS?AFEPROCESS
  +--> ?PR?SCAN_KEY?FUNCKEY
  +--> ?PR?RAMCHECKPROCESS?COMMON
  +--> ?PR?VOLPROCESS?AFEPROCESS
  +--> ?PR?GAUGEMANAGE?GASGAUGE
  +--> ?PR?AFERAMCHECK?AFEPROCESS
  +--> ?PR?WRITEFLASHCHECK?MCUFLASH
  +--> ?PR?LOWPOWERCHECK?SHUTDOWN
  +--> ?PR?LOWPOWERPROCESS?SHUTDOWN

?PR?INITIAL?INITIAL                            -----    -----      -----    -----      -----    -----      -----    ----
>> -
  +--> ?PR?ISPPROCESS?ISP
  +--> ?PR?ALLINITIAL?INITIAL
  +--> ?CO?INITIAL
BL51 BANKED LINKER/LOCATER V6.22                                                      10/24/2019  16:31:18  PAGE 9


  +--> ?PR?PRINTF?PRINTF
  +--> ?PR?PARTIALINITIAL?INITIAL

?PR?ISPPROCESS?ISP                             -----    -----      -----    -----      -----    -----      -----    ----
>> -
  +--> ?PR?ISPPROCESSCMD?ISP

?PR?ISPPROCESSCMD?ISP                          -----    -----      002FH    000BH      -----    -----      -----    ----
>> -

?PR?ALLINITIAL?INITIAL                         -----    -----      -----    -----      -----    -----      -----    ----
>> -
  +--> ?PR?INITCLK?INITIAL
  +--> ?PR?INITGPIO?INITIAL
  +--> ?PR?_DELAY1MS?COMMON
  +--> ?PR?CLRRAM?COMMON
  +--> ?PR?INITUART0?UART
  +--> ?PR?INITTIMER?INITIAL
  +--> ?PR?INITTWI?TWIMODULE
  +--> ?PR?INITSYSPARA?INITIAL
  +--> ?PR?INITVAR?INITIAL
  +--> ?PR?ROIDMI_INIT?INITIAL
  +--> ?PR?INITAFE?AFEMTP
  +--> ?PR?CLEARAFEFLG?AFEMTP
  +--> ?PR?WAITADCCONVERT?AFEPROCESS
  +--> ?PR?BATTERYINFOMANAGE?CALCULATE
  +--> ?PR?PORONPROTECT?AFEPROCESS
  +--> ?PR?INITGASGAUGE?GASGAUGE
  +--> ?PR?INITIRQ?INITIAL
  +--> ?PR?INTOPOWERDOWN?AFEPROCESS

?PR?CLRRAM?COMMON                              -----    -----      -----    -----      001BH    0002H      -----    ----
>> -

?PR?INITSYSPARA?INITIAL                        -----    -----      -----    -----      -----    -----      0200H    0004
>> H
  +--> ?PR?_READMCUFLASH?MCUFLASH
  +--> ?PR?SYSTEMINTOPD?SHUTDOWN
  +--> ?PR?_WRITEMCUFLASH?MCUFLASH

?PR?_READMCUFLASH?MCUFLASH                     002BH.4  0000H.1    002FH    0002H      -----    -----      0204H    0004
>> H

?PR?SYSTEMINTOPD?SHUTDOWN                      -----    -----      -----    -----      -----    -----      -----    ----
>> -
  +--> ?PR?INTOPOWERDOWN?AFEPROCESS

?PR?INTOPOWERDOWN?AFEPROCESS                   -----    -----      -----    -----      -----    -----      -----    ----
>> -
  +--> ?PR?_TWIWRITEAFE?AFEMTP

?PR?_TWIWRITEAFE?AFEMTP                        002BH.5  0000H.1    -----    -----      -----    -----      0205H    0004
>> H
  +--> ?PR?_TWIWRITE?TWIMODULE
  +--> ?PR?_DELAY1MS?COMMON

?PR?_TWIWRITE?TWIMODULE                        002BH.6  0000H.1    -----    -----      -----    -----      0209H    000A
BL51 BANKED LINKER/LOCATER V6.22                                                      10/24/2019  16:31:18  PAGE 10


>> H
  +--> ?PR?_CRC8CAL?TWIMODULE
  +--> ?PR?_TWICHECKSTATUS?TWIMODULE

?PR?_CRC8CAL?TWIMODULE                         -----    -----      -----    -----      -----    -----      -----    ----
>> -
  +--> ?CO?TWIMODULE

?PR?_TWICHECKSTATUS?TWIMODULE                  002BH.7  0000H.1    -----    -----      -----    -----      -----    ----
>> -

?PR?_WRITEMCUFLASH?MCUFLASH                    002BH.6  0000H.1    -----    -----      -----    -----      0204H    0002
>> H
  +--> ?PR?_BLACKE2CHECKUP?MCUFLASH
  +--> ?PR?_WRITEE2SECTOR?MCUFLASH
  +--> ?PR?_E2DATACHECKUP?MCUFLASH

?PR?_WRITEE2SECTOR?MCUFLASH                    002BH.7  0000H.1    002FH    0002H      -----    -----      0206H    0002
>> H

?PR?_E2DATACHECKUP?MCUFLASH                    -----    -----      002FH    0002H      -----    -----      0206H    0004
>> H

?PR?INITVAR?INITIAL                            -----    -----      -----    -----      -----    -----      -----    ----
>> -
  +--> ?PR?_MEMORYSET?COMMON

?PR?_MEMORYSET?COMMON                          -----    -----      -----    -----      -----    -----      0200H    0002
>> H

?PR?INITAFE?AFEMTP                             002BH.4  0000H.1    -----    -----      -----    -----      0203H    0001
>> H
  +--> ?PR?_TWIWRITEAFE?AFEMTP

?PR?CLEARAFEFLG?AFEMTP                         -----    -----      -----    -----      -----    -----      -----    ----
>> -
  +--> ?PR?_TWIREADAFE?AFEMTP
  +--> ?PR?_TWIWRITEAFE?AFEMTP

?PR?_TWIREADAFE?AFEMTP                         002BH.5  0000H.1    -----    -----      -----    -----      0205H    0004
>> H
  +--> ?PR?_TWIREAD?TWIMODULE
  +--> ?PR?_DELAY1MS?COMMON

?PR?_TWIREAD?TWIMODULE                         002BH.6  0000H.1    -----    -----      -----    -----      0209H    0038
>> H
  +--> ?PR?_TWICHECKSTATUS?TWIMODULE
  +--> ?PR?_CRC8CAL?TWIMODULE

?PR?WAITADCCONVERT?AFEPROCESS                  002BH.4  0000H.1    -----    -----      -----    -----      0200H    0001
>> H
  +--> ?PR?_DELAY1MS?COMMON
  +--> ?PR?_TWIREADAFE?AFEMTP

?PR?BATTERYINFOMANAGE?CALCULATE                -----    -----      -----    -----      -----    -----      -----    ----
>> -
  +--> ?PR?GETAFEDATA?CALCULATE
BL51 BANKED LINKER/LOCATER V6.22                                                      10/24/2019  16:31:18  PAGE 11


  +--> ?PR?CALCUTEMPERATURE?CALCULATE
  +--> ?PR?CALCUVOLTAGE?CALCULATE

?PR?GETAFEDATA?CALCULATE                       002BH.4  0000H.1    -----    -----      -----    -----      0200H    0001
>> H
  +--> ?PR?_TWIREADAFE?AFEMTP

?PR?CALCUTEMPERATURE?CALCULATE                 -----    -----      -----    -----      -----    -----      -----    ----
>> -
  +--> ?PR?_CALCUTEMP?CALCULATE

?PR?_CALCUTEMP?CALCULATE                       -----    -----      -----    -----      -----    -----      0200H    0007
>> H
  +--> ?CO?CALCULATE

?PR?CALCUVOLTAGE?CALCULATE                     -----    -----      -----    -----      -----    -----      0200H    0009
>> H

?PR?PORONPROTECT?AFEPROCESS                    -----    -----      -----    -----      -----    -----      -----    ----
>> -
  +--> ?PR?_TWIWRITEAFE?AFEMTP
  +--> ?PR?INPUT_CHARGER_DETECT_PORON?PROTECT
  +--> ?CO?AFEPROCESS
  +--> ?PR?PRINTF?PRINTF
  +--> ?PR?INPUT_VOL_JUDGE_PORON?PROTECT
  +--> ?PR?CHK_CELL_VOLDIFF_PORON?PROTECT
  +--> ?PR?MCU_CHK_CDMOS?PROCESS
  +--> ?PR?CHKMOSSTATUS?AFEPROCESS
  +--> ?PR?CONTROLMOS?AFEPROCESS
  +--> ?PR?UPDATA_PACK_FAULT_FLAG?PROCESS

?PR?INPUT_CHARGER_DETECT_PORON?PROTECT         -----    -----      -----    -----      -----    -----      -----    ----
>> -
  +--> ?PR?_TWIWRITEAFE?AFEMTP
  +--> ?PR?_DELAY1MS?COMMON
  +--> ?PR?_TWIREADAFE?AFEMTP

?PR?PRINTF?PRINTF                              002BH.6  0001H.1    002FH    0005H      -----    -----      0205H    0028
>> H
  +--> ?PR?_PUTCHAR?MAIN

?PR?_PUTCHAR?MAIN                              -----    -----      -----    -----      -----    -----      -----    ----
>> -
  +--> ?PR?_UART_SEND_BYTE?MAIN

?PR?INPUT_VOL_JUDGE_PORON?PROTECT              -----    -----      -----    -----      -----    -----      -----    ----
>> -
  +--> ?PR?_ADCREAD?ADC

?PR?_ADCREAD?ADC                               -----    -----      -----    -----      -----    -----      0204H    0029
>> H
  +--> ?CO?ADC
  +--> ?PR?_GETAD_VALUE?ADC
  +--> ?PR?_PAIXU?ADC

?PR?_PAIXU?ADC                                 -----    -----      -----    -----      -----    -----      022DH    0007
>> H
BL51 BANKED LINKER/LOCATER V6.22                                                      10/24/2019  16:31:18  PAGE 12



?PR?MCU_CHK_CDMOS?PROCESS                      -----    -----      -----    -----      -----    -----      0200H    0002
>> H
  +--> ?CO?PROCESS
  +--> ?PR?PRINTF?PRINTF

?PR?CHKMOSSTATUS?AFEPROCESS                    -----    -----      -----    -----      -----    -----      0200H    0001
>> H
  +--> ?CO?AFEPROCESS
  +--> ?PR?PRINTF?PRINTF

?PR?CONTROLMOS?AFEPROCESS                      -----    -----      -----    -----      -----    -----      -----    ----
>> -
  +--> ?PR?_TWIWRITEAFE?AFEMTP

?PR?INITGASGAUGE?GASGAUGE                      -----    -----      -----    -----      -----    -----      0200H    0001
>> H
  +--> ?CO?GASGAUGE
  +--> ?PR?PRINTF?PRINTF

?PR?PARTIALINITIAL?INITIAL                     -----    -----      -----    -----      -----    -----      -----    ----
>> -
  +--> ?PR?INITCLK?INITIAL
  +--> ?PR?INITGPIO?INITIAL
  +--> ?PR?INITTIMER?INITIAL
  +--> ?PR?INITUART0?UART
  +--> ?PR?INITTWI?TWIMODULE
  +--> ?PR?INITSYSPARA?INITIAL
  +--> ?PR?INITVAR?INITIAL
  +--> ?PR?INITPWM?INITIAL
  +--> ?PR?ROIDMI_INIT?INITIAL
  +--> ?PR?INITAFE?AFEMTP
  +--> ?PR?CLEARAFEFLG?AFEMTP
  +--> ?PR?WAITADCCONVERT?AFEPROCESS
  +--> ?PR?BATTERYINFOMANAGE?CALCULATE
  +--> ?PR?PORONPROTECT?AFEPROCESS
  +--> ?PR?INITGASGAUGE?GASGAUGE
  +--> ?PR?INITIRQ?INITIAL
  +--> ?PR?INTOPOWERDOWN?AFEPROCESS

?PR?WAKEUPPROCESS?SHUTDOWN                     -----    -----      -----    -----      -----    -----      -----    ----
>> -
  +--> ?PR?INITCLK?INITIAL
  +--> ?PR?INITIRQ?INITIAL
  +--> ?PR?_TWIWRITEAFE?AFEMTP

?PR?ALARMPROCESS?AFEPROCESS                    -----    -----      -----    -----      -----    -----      -----    ----
>> -
  +--> ?PR?_TWIREADAFE?AFEMTP
  +--> ?PR?INITAFE?AFEMTP

?PR?CURRPROCESS?AFEPROCESS                     -----    -----      -----    -----      -----    -----      0200H    0005
>> H
  +--> ?PR?_TWIREADAFE?AFEMTP
  +--> ?CO?AFEPROCESS
  +--> ?PR?PRINTF?PRINTF
  +--> ?PR?CURRPROTECT?AFEPROCESS
BL51 BANKED LINKER/LOCATER V6.22                                                      10/24/2019  16:31:18  PAGE 13



?PR?CURRPROTECT?AFEPROCESS                     -----    -----      -----    -----      -----    -----      -----    ----
>> -
  +--> ?PR?_TWIWRITEAFE?AFEMTP

?PR?CHECKCTOVOL?BALANCE                        002BH.4  0000H.1    -----    -----      -----    -----      -----    ----
>> -

?PR?FLASHPROCESS?MCUFLASH                      002BH.4  0000H.2    -----    -----      -----    -----      -----    ----
>> -
  +--> ?CO?MCUFLASH
  +--> ?PR?PRINTF?PRINTF
  +--> ?PR?_WRITEMCUFLASH?MCUFLASH
  +--> ?PR?_FLASH_WIRTE_ONE_BYTE?MCUFLASH

?PR?PROTECTPROCESS?AFEPROCESS                  -----    -----      -----    -----      -----    -----      -----    ----
>> -
  +--> ?PR?VOLPROTECT?AFEPROCESS
  +--> ?PR?TEMPEPROTECT?AFEPROCESS
  +--> ?PR?INPUT_CHARGER_DETECT?PROTECT
  +--> ?PR?INPUT_VOL_JUDGE?PROTECT
  +--> ?PR?INPUT_VOL_JUDGE_PORON?PROTECT
  +--> ?PR?CHK_FUSE?PROTECT
  +--> ?PR?CHK_CELL_VOLDIFF?PROTECT
  +--> ?PR?MCU_CHK_CDMOS?PROCESS
  +--> ?PR?CHKMOSSTATUS?AFEPROCESS
  +--> ?PR?CONTROLMOS?AFEPROCESS
  +--> ?PR?UPDATA_PACK_FAULT_FLAG?PROCESS
  +--> ?PR?RECOVERYOC?AFEPROCESS
  +--> ?PR?CHECKLOAD?AFEPROCESS
  +--> ?PR?CHECKCHARGER?AFEPROCESS

?PR?VOLPROTECT?AFEPROCESS                      -----    -----      -----    -----      -----    -----      -----    ----
>> -
  +--> ?PR?_TWIWRITEAFE?AFEMTP

?PR?INPUT_CHARGER_DETECT?PROTECT               -----    -----      -----    -----      -----    -----      -----    ----
>> -
  +--> ?PR?_TWIWRITEAFE?AFEMTP
  +--> ?PR?_TWIREADAFE?AFEMTP

?PR?INPUT_VOL_JUDGE?PROTECT                    -----    -----      -----    -----      -----    -----      -----    ----
>> -
  +--> ?PR?_ADCREAD?ADC

?PR?CHK_FUSE?PROTECT                           -----    -----      -----    -----      -----    -----      0200H    0004
>> H
  +--> ?PR?_ADCREAD?ADC

?PR?RECOVERYOC?AFEPROCESS                      -----    -----      -----    -----      -----    -----      -----    ----
>> -
  +--> ?PR?_TWIWRITEAFE?AFEMTP

?PR?CHECKLOAD?AFEPROCESS                       -----    -----      -----    -----      -----    -----      0200H    0001
>> H
  +--> ?PR?_TWIWRITEAFE?AFEMTP
  +--> ?PR?_TWIREADAFE?AFEMTP
BL51 BANKED LINKER/LOCATER V6.22                                                      10/24/2019  16:31:18  PAGE 14



?PR?CHECKCHARGER?AFEPROCESS                    -----    -----      -----    -----      -----    -----      0200H    0001
>> H
  +--> ?PR?_TWIREADAFE?AFEMTP
  +--> ?PR?_TWIWRITEAFE?AFEMTP

?PR?SCAN_KEY?FUNCKEY                           -----    -----      -----    -----      -----    -----      -----    ----
>> -
  +--> ?PR?KEY_READ?FUNCKEY
  +--> ?PR?KEY_PROC?FUNCKEY

?PR?KEY_READ?FUNCKEY                           -----    -----      -----    -----      -----    -----      -----    ----
>> -
  +--> ?PR?BUTTON_KEY0_READ?FUNCKEY

?PR?KEY_PROC?FUNCKEY                           -----    -----      -----    -----      -----    -----      -----    ----
>> -
  +--> ?PR?MCU_SHORT_CLEAN?PROCESS

?PR?RAMCHECKPROCESS?COMMON                     -----    -----      -----    -----      -----    -----      -----    ----
>> -
  +--> ?PR?INITSYSPARA?INITIAL

?PR?GAUGEMANAGE?GASGAUGE                       -----    -----      -----    -----      -----    -----      0200H    0002
>> H
  +--> ?CO?GASGAUGE
  +--> ?PR?PRINTF?PRINTF

?PR?AFERAMCHECK?AFEPROCESS                     -----    -----      -----    -----      -----    -----      0200H    0003
>> H
  +--> ?PR?_TWIREADAFE?AFEMTP
  +--> ?PR?INITAFE?AFEMTP

?PR?LOWPOWERPROCESS?SHUTDOWN                   -----    -----      -----    -----      -----    -----      -----    ----
>> -
  +--> ?PR?INTOIDLE?COMMON
  +--> ?PR?SYSTEMINTOPD?SHUTDOWN
  +--> ?PR?SYSTEMINTOIDLE?SHUTDOWN

?PR?SYSTEMINTOIDLE?SHUTDOWN                    -----    -----      -----    -----      -----    -----      -----    ----
>> -
  +--> ?PR?_TWIWRITEAFE?AFEMTP
  +--> ?PR?INTOIDLE?COMMON



SYMBOL TABLE OF MODULE:  .\output\MCUCore (MAIN)

  VALUE           TYPE          NAME
  ----------------------------------

  -------         MODULE        MAIN
  C:0000H         SYMBOL        _ICE_DUMMY_
  D:0080H         PUBLIC        P0
  D:0090H         PUBLIC        P1
  C:5E37H         PUBLIC        _Uart_Send_Byte
  D:00A0H         PUBLIC        P2
BL51 BANKED LINKER/LOCATER V6.22                                                      10/24/2019  16:31:18  PAGE 15


  D:00B0H         PUBLIC        P3
  D:00C0H         PUBLIC        P4
  D:0080H         PUBLIC        P5
  B:00A8H.7       PUBLIC        EA
  C:5A24H         PUBLIC        _Uart_Send_string
  B:0098H.1       PUBLIC        TI
  C:49C6H         PUBLIC        main
  X:06B3H         PUBLIC        AFE_INT_EN_buf
  D:0099H         PUBLIC        SBUF
  D:00B1H         PUBLIC        RSTSTAT
  B:00A8H.4       PUBLIC        ES0
  C:5E7FH         PUBLIC        _putchar
  -------         PROC          _UART_SEND_BYTE
  D:0007H         SYMBOL        DATA
  C:5E37H         LINE#         20
  C:5E37H         LINE#         21
  C:5E37H         LINE#         22
  C:5E39H         LINE#         23
  C:5E3BH         LINE#         24
  C:5E3EH         LINE#         25
  C:5E40H         LINE#         26
  C:5E42H         LINE#         27
  -------         ENDPROC       _UART_SEND_BYTE
  -------         PROC          _UART_SEND_STRING
  X:06A3H         SYMBOL        s
  C:5A24H         LINE#         28
  C:5A2FH         LINE#         29
  C:5A2FH         LINE#         30
  C:5A3FH         LINE#         31
  C:5A3FH         LINE#         32
  C:5A55H         LINE#         33
  C:5A57H         LINE#         34
  -------         ENDPROC       _UART_SEND_STRING
  -------         PROC          _PUTCHAR
  D:0006H         SYMBOL        c
  C:5E7FH         LINE#         35
  C:5E81H         LINE#         36
  C:5E81H         LINE#         37
  C:5E84H         LINE#         38
  C:5E84H         LINE#         39
  -------         ENDPROC       _PUTCHAR
  -------         PROC          MAIN
  C:49C6H         LINE#         44
  C:49C6H         LINE#         45
  C:49C6H         LINE#         47
  C:49C9H         LINE#         49
  C:49C9H         LINE#         50
  C:49C9H         LINE#         80
  C:49CCH         LINE#         82
  C:49D6H         LINE#         83
  C:49D6H         LINE#         87
  C:49D8H         LINE#         88
  C:49DBH         LINE#         89
  C:49DBH         LINE#         97
  C:49DEH         LINE#         98
  C:49DEH         LINE#         102
  C:49E0H         LINE#         103
BL51 BANKED LINKER/LOCATER V6.22                                                      10/24/2019  16:31:18  PAGE 16


  C:49E3H         LINE#         104
  C:49E3H         LINE#         115
  C:49E6H         LINE#         116
  C:49E6H         LINE#         118
  C:49E8H         LINE#         119
  C:49EBH         LINE#         120
  C:49EBH         LINE#         122
  C:49EEH         LINE#         123
  C:49EEH         LINE#         127
  C:49F0H         LINE#         128
  C:49F3H         LINE#         129
  C:49F3H         LINE#         132
  C:49F6H         LINE#         133
  C:49F6H         LINE#         134
  C:49F8H         LINE#         138
  C:49FBH         LINE#         143
  C:49FEH         LINE#         151
  C:49FEH         LINE#         162
  C:4A01H         LINE#         163
  C:4A01H         LINE#         165
  C:4A0AH         LINE#         167
  C:4A0CH         LINE#         168
  C:4A0FH         LINE#         169
  C:4A0FH         LINE#         181
  C:4A12H         LINE#         182
  C:4A12H         LINE#         186
  C:4A14H         LINE#         188
  C:4A17H         LINE#         192
  C:4A1AH         LINE#         193
  C:4A1AH         LINE#         194
  C:4A1DH         LINE#         195
  C:4A1DH         LINE#         201
  C:4A1DH         LINE#         203
  C:4A20H         LINE#         204
  C:4A20H         LINE#         208
  C:4A22H         LINE#         210
  C:4A25H         LINE#         214
  C:4A28H         LINE#         216
  C:4A2BH         LINE#         218
  C:4A2EH         LINE#         220
  C:4A31H         LINE#         228
  C:4A34H         LINE#         230
  C:4A34H         LINE#         232
  C:4A37H         LINE#         237
  -------         ENDPROC       MAIN
  -------         ENDMOD        MAIN

  -------         MODULE        INITIAL
  C:0000H         SYMBOL        _ICE_DUMMY_
  D:0080H         PUBLIC        P0
  D:0090H         PUBLIC        P1
  D:00A0H         PUBLIC        P2
  D:00B0H         PUBLIC        P3
  C:0003H         PUBLIC        InitIRQ
  D:00C0H         PUBLIC        P4
  D:0080H         PUBLIC        P5
  B:00A8H.7       PUBLIC        EA
BL51 BANKED LINKER/LOCATER V6.22                                                      10/24/2019  16:31:18  PAGE 17


  D:00B7H         PUBLIC        PWM2CON
  C:574CH         PUBLIC        InitPWM
  D:00A8H         PUBLIC        IEN0
  D:00A9H         PUBLIC        IEN1
  B:0080H.0       PUBLIC        P0_0
  D:00B4H         PUBLIC        IPH0
  B:0080H.3       PUBLIC        P0_3
  D:00B5H         PUBLIC        IPH1
  B:0080H.4       PUBLIC        P0_4
  D:00E8H         PUBLIC        EXF0
  B:00B0H.2       PUBLIC        P3_2
  B:0080H.6       PUBLIC        P0_6
  D:00E1H         PUBLIC        P0CR
  D:00B8H         PUBLIC        IPL0
  B:0080H.7       PUBLIC        P0_7
  D:00E2H         PUBLIC        P1CR
  D:00B9H         PUBLIC        IPL1
  B:00A0H.6       PUBLIC        P2_6
  B:00B0H.5       PUBLIC        P3_5
  D:00E3H         PUBLIC        P2CR
  B:00A0H.7       PUBLIC        P2_7
  D:00E4H         PUBLIC        P3CR
  C:5DCAH         PUBLIC        InitTimer
  C:5DEEH         PUBLIC        roidmi_init
  D:00BAH         PUBLIC        IENC
  C:58CEH         PUBLIC        PartialInitial
  C:5E1DH         PUBLIC        InitSealCalibrate
  C:5E0EH         PUBLIC        InitClk
  D:00BFH         PUBLIC        PWM2DH
  D:00BEH         PUBLIC        PWM2DL
  D:00B1H         PUBLIC        RSTSTAT
  D:00B2H         PUBLIC        CLKCON
  X:02CEH         PUBLIC        packfault_flag
  D:00BDH         PUBLIC        PWM2PH
  C:36E5H         PUBLIC        InitVar
  D:00BCH         PUBLIC        PWM2PL
  C:002EH         PUBLIC        InitGPIO
  D:0086H         PUBLIC        INSCON
  C:590BH         PUBLIC        Initial
  D:008DH         PUBLIC        TH3
  D:00A7H         PUBLIC        FLASHCON
  C:5C81H         PUBLIC        debug_led1
  C:5C9EH         PUBLIC        debug_led2
  D:008CH         PUBLIC        TL3
  C:5CBBH         PUBLIC        debug_led4
  C:5CD8H         PUBLIC        debug_led8
  B:0088H.2       PUBLIC        TR3
  C:272BH         PUBLIC        InitSysPara
  D:00E9H         PUBLIC        P0PCR
  D:00EAH         PUBLIC        P1PCR
  D:0088H         PUBLIC        T3CON
  D:00EBH         PUBLIC        P2PCR
  C:56C4H         PUBLIC        AllInitial
  D:00ECH         PUBLIC        P3PCR
  -------         PROC          INITSEALCALIBRATE
  C:5E1DH         LINE#         25
  C:5E1DH         LINE#         26
BL51 BANKED LINKER/LOCATER V6.22                                                      10/24/2019  16:31:18  PAGE 18


  C:5E1DH         LINE#         27
  C:5E24H         LINE#         28
  C:5E24H         LINE#         29
  C:5E26H         LINE#         30
  C:5E27H         LINE#         32
  C:5E27H         LINE#         33
  C:5E29H         LINE#         34
  C:5E29H         LINE#         35
  -------         ENDPROC       INITSEALCALIBRATE
  -------         PROC          INITVAR
  C:36E5H         LINE#         46
  C:36E5H         LINE#         47
  C:36E5H         LINE#         48
  C:36E7H         LINE#         49
  C:36E9H         LINE#         50
  C:36EBH         LINE#         51
  C:36EDH         LINE#         52
  C:36EFH         LINE#         53
  C:36F1H         LINE#         54
  C:36F3H         LINE#         56
  C:36F5H         LINE#         57
  C:36F7H         LINE#         58
  C:36F9H         LINE#         59
  C:36FBH         LINE#         60
  C:36FDH         LINE#         61
  C:36FFH         LINE#         63
  C:3702H         LINE#         65
  C:3704H         LINE#         66
  C:3706H         LINE#         67
  C:3708H         LINE#         68
  C:370AH         LINE#         69
  C:370CH         LINE#         70
  C:370EH         LINE#         72
  C:3712H         LINE#         73
  C:3716H         LINE#         74
  C:371AH         LINE#         75
  C:371CH         LINE#         76
  C:371EH         LINE#         77
  C:3720H         LINE#         78
  C:3724H         LINE#         79
  C:3728H         LINE#         80
  C:372AH         LINE#         81
  C:372EH         LINE#         82
  C:3738H         LINE#         83
  C:373CH         LINE#         84
  C:3740H         LINE#         85
  C:3744H         LINE#         86
  C:3748H         LINE#         88
  C:374CH         LINE#         89
  C:3750H         LINE#         90
  C:3754H         LINE#         91
  C:3758H         LINE#         92
  C:375CH         LINE#         93
  C:3760H         LINE#         94
  C:3764H         LINE#         95
  C:3768H         LINE#         96
  C:376CH         LINE#         97
BL51 BANKED LINKER/LOCATER V6.22                                                      10/24/2019  16:31:18  PAGE 19


  C:3770H         LINE#         98
  C:3774H         LINE#         99
  C:3778H         LINE#         100
  C:377CH         LINE#         101
  C:3780H         LINE#         103
  C:3782H         LINE#         104
  C:3784H         LINE#         105
  C:3787H         LINE#         106
  C:378BH         LINE#         107
  C:378EH         LINE#         109
  C:3792H         LINE#         110
  C:379CH         LINE#         112
  C:379EH         LINE#         114
  C:37A3H         LINE#         115
  C:37A9H         LINE#         116
  C:37ADH         LINE#         117
  C:37AFH         LINE#         118
  C:37B1H         LINE#         120
  C:37BBH         LINE#         121
  C:37C5H         LINE#         122
  C:37CFH         LINE#         123
  C:37D7H         LINE#         124
  -------         ENDPROC       INITVAR
  -------         PROC          INITSYSPARA
  -------         DO            
  X:0200H         SYMBOL        i
  -------         ENDDO         
  C:272BH         LINE#         134
  C:272BH         LINE#         135
  C:272BH         LINE#         140
  C:2739H         LINE#         141
  C:2739H         LINE#         143
  C:2748H         LINE#         144
  C:2748H         LINE#         145
  C:2748H         LINE#         146
  C:2748H         LINE#         147
  C:274BH         LINE#         148
  C:274EH         LINE#         149
  C:2750H         LINE#         150
  C:2750H         LINE#         152
  C:2750H         LINE#         153
  C:2753H         LINE#         154
  C:2763H         LINE#         155
  C:2763H         LINE#         156
  C:276DH         LINE#         157
  C:2774H         LINE#         158
  C:2774H         LINE#         159
  C:277EH         LINE#         160
  C:2783H         LINE#         161
  C:2783H         LINE#         162
  C:2783H         LINE#         163
  C:2786H         LINE#         164
  C:2786H         LINE#         165
  C:2788H         LINE#         167
  C:2788H         LINE#         168
  C:278BH         LINE#         169
  C:279BH         LINE#         170
BL51 BANKED LINKER/LOCATER V6.22                                                      10/24/2019  16:31:18  PAGE 20


  C:279BH         LINE#         171
  C:27A5H         LINE#         172
  C:27ADH         LINE#         173
  C:27ADH         LINE#         174
  C:27B7H         LINE#         175
  C:27BDH         LINE#         176
  C:27BDH         LINE#         177
  C:27BDH         LINE#         178
  C:27C0H         LINE#         179
  C:27C0H         LINE#         181
  C:27C5H         LINE#         184
  C:27EFH         LINE#         189
  C:27F9H         LINE#         215
  C:2803H         LINE#         217
  C:2817H         LINE#         218
  C:2826H         LINE#         219
  C:2830H         LINE#         220
  C:2838H         LINE#         221
  C:2842H         LINE#         223
  C:2845H         LINE#         224
  C:2845H         LINE#         226
  C:284CH         LINE#         228
  C:285EH         LINE#         229
  C:285EH         LINE#         231
  C:2861H         LINE#         232
  C:2861H         LINE#         233
  C:2868H         LINE#         235
  C:287AH         LINE#         239
  C:2899H         LINE#         240
  C:28B1H         LINE#         241
  C:28BFH         LINE#         242
  C:28BFH         LINE#         257
  C:28C7H         LINE#         258
  C:28D0H         LINE#         259
  C:28D0H         LINE#         260
  C:28D3H         LINE#         261
  C:28D4H         LINE#         262
  C:28DFH         LINE#         263
  C:28DFH         LINE#         264
  C:28E2H         LINE#         265
  C:28E3H         LINE#         267
  C:28E3H         LINE#         268
  C:28E6H         LINE#         269
  C:28E6H         LINE#         270
  -------         ENDPROC       INITSYSPARA
  -------         PROC          INITIRQ
  C:0003H         LINE#         281
  C:0003H         LINE#         282
  C:0003H         LINE#         283
  C:0005H         LINE#         285
  C:0008H         LINE#         288
  C:000BH         LINE#         294
  C:000EH         LINE#         298
  C:0011H         LINE#         305
  C:0014H         LINE#         321
  C:0017H         LINE#         322
  C:001AH         LINE#         324
BL51 BANKED LINKER/LOCATER V6.22                                                      10/24/2019  16:31:18  PAGE 21


  C:001DH         LINE#         325
  C:0020H         LINE#         333
  C:0022H         LINE#         334
  -------         ENDPROC       INITIRQ
  -------         PROC          INITTIMER
  C:5DCAH         LINE#         346
  C:5DCAH         LINE#         347
  C:5DCAH         LINE#         348
  C:5DCDH         LINE#         353
  C:5DD0H         LINE#         371
  C:5DD3H         LINE#         372
  C:5DD6H         LINE#         374
  C:5DD8H         LINE#         375
  C:5DDBH         LINE#         376
  -------         ENDPROC       INITTIMER
  -------         PROC          INITGPIO
  C:002EH         LINE#         398
  C:002EH         LINE#         399
  C:002EH         LINE#         400
  C:0031H         LINE#         401
  C:0034H         LINE#         403
  C:0037H         LINE#         405
  C:003AH         LINE#         406
  C:003DH         LINE#         411
  C:0040H         LINE#         414
  C:0043H         LINE#         415
  C:0046H         LINE#         417
  C:0049H         LINE#         419
  C:004CH         LINE#         420
  C:004FH         LINE#         421
  C:0052H         LINE#         424
  -------         ENDPROC       INITGPIO
  -------         PROC          INITCLK
  C:5E0EH         LINE#         434
  C:5E0EH         LINE#         435
  C:5E0EH         LINE#         436
  C:5E11H         LINE#         438
  C:5E12H         LINE#         439
  C:5E13H         LINE#         440
  C:5E14H         LINE#         441
  C:5E15H         LINE#         442
  C:5E16H         LINE#         443
  C:5E17H         LINE#         444
  C:5E18H         LINE#         445
  C:5E19H         LINE#         447
  C:5E1CH         LINE#         450
  -------         ENDPROC       INITCLK
  -------         PROC          INITPWM
  C:574CH         LINE#         460
  C:574CH         LINE#         461
  C:574CH         LINE#         462
  C:574FH         LINE#         463
  C:5752H         LINE#         464
  C:5755H         LINE#         465
  C:5773H         LINE#         466
  C:578EH         LINE#         471
  -------         ENDPROC       INITPWM
BL51 BANKED LINKER/LOCATER V6.22                                                      10/24/2019  16:31:18  PAGE 22


  -------         PROC          PARTIALINITIAL
  C:58CEH         LINE#         481
  C:58CEH         LINE#         482
  C:58CEH         LINE#         483
  C:58D1H         LINE#         485
  C:58D4H         LINE#         487
  C:58D7H         LINE#         489
  C:58DAH         LINE#         491
  C:58DDH         LINE#         493
  C:58E0H         LINE#         495
  C:58E3H         LINE#         497
  C:58E6H         LINE#         499
  C:58E9H         LINE#         507
  C:58EEH         LINE#         508
  C:58EEH         LINE#         510
  C:58F1H         LINE#         512
  C:58F6H         LINE#         513
  C:58F6H         LINE#         514
  C:58F9H         LINE#         516
  C:58FCH         LINE#         518
  C:58FFH         LINE#         522
  C:5902H         LINE#         523
  C:5903H         LINE#         525
  C:5903H         LINE#         526
  C:5906H         LINE#         527
  C:5906H         LINE#         528
  C:5907H         LINE#         530
  C:5907H         LINE#         531
  C:590AH         LINE#         532
  C:590AH         LINE#         542
  -------         ENDPROC       PARTIALINITIAL
  -------         PROC          ALLINITIAL
  C:56C4H         LINE#         551
  C:56C4H         LINE#         552
  C:56C4H         LINE#         553
  C:56C7H         LINE#         555
  C:56CAH         LINE#         557
  C:56CFH         LINE#         559
  C:56D1H         LINE#         561
  C:56D4H         LINE#         563
  C:56D7H         LINE#         565
  C:56DAH         LINE#         567
  C:56DDH         LINE#         569
  C:56E0H         LINE#         571
  C:56E3H         LINE#         573
  C:56E6H         LINE#         575
  C:56EBH         LINE#         576
  C:56EBH         LINE#         583
  C:56EEH         LINE#         586
  C:56F3H         LINE#         587
  C:56F3H         LINE#         588
  C:56F6H         LINE#         590
  C:56F9H         LINE#         592
  C:56FCH         LINE#         596
  C:56FFH         LINE#         599
  C:5700H         LINE#         601
  C:5700H         LINE#         602
BL51 BANKED LINKER/LOCATER V6.22                                                      10/24/2019  16:31:18  PAGE 23


  C:5703H         LINE#         606
  C:5703H         LINE#         607
  C:5704H         LINE#         609
  C:5704H         LINE#         610
  C:5707H         LINE#         614
  C:5707H         LINE#         616
  -------         ENDPROC       ALLINITIAL
  -------         PROC          INITIAL
  C:590BH         LINE#         626
  C:590BH         LINE#         627
  C:590BH         LINE#         628
  C:590EH         LINE#         630
  C:591DH         LINE#         631
  C:591DH         LINE#         632
  C:5920H         LINE#         633
  C:5920H         LINE#         636
  C:592DH         LINE#         637
  C:592DH         LINE#         638
  C:5930H         LINE#         639
  C:5934H         LINE#         641
  C:5937H         LINE#         643
  C:5940H         LINE#         646
  C:5941H         LINE#         648
  C:5941H         LINE#         649
  C:5944H         LINE#         650
  C:5947H         LINE#         657
  C:5947H         LINE#         659
  -------         ENDPROC       INITIAL
  -------         PROC          ROIDMI_INIT
  C:5DEEH         LINE#         665
  C:5DEEH         LINE#         666
  C:5DEEH         LINE#         667
  C:5DF0H         LINE#         668
  C:5DF2H         LINE#         669
  C:5DF4H         LINE#         670
  C:5DF6H         LINE#         671
  C:5DFDH         LINE#         675
  -------         ENDPROC       ROIDMI_INIT
  -------         PROC          DEBUG_LED1
  C:5C81H         LINE#         679
  C:5C81H         LINE#         680
  C:5C81H         LINE#         681
  C:5C83H         LINE#         682
  C:5C88H         LINE#         683
  C:5C8AH         LINE#         684
  C:5C8FH         LINE#         685
  C:5C91H         LINE#         686
  C:5C96H         LINE#         687
  C:5C98H         LINE#         688
  C:5C9DH         LINE#         690
  -------         ENDPROC       DEBUG_LED1
  -------         PROC          DEBUG_LED2
  C:5C9EH         LINE#         692
  C:5C9EH         LINE#         693
  C:5C9EH         LINE#         694
  C:5CA0H         LINE#         695
  C:5CA5H         LINE#         696
BL51 BANKED LINKER/LOCATER V6.22                                                      10/24/2019  16:31:18  PAGE 24


  C:5CA7H         LINE#         697
  C:5CACH         LINE#         698
  C:5CAEH         LINE#         699
  C:5CB3H         LINE#         700
  C:5CB5H         LINE#         701
  C:5CBAH         LINE#         703
  -------         ENDPROC       DEBUG_LED2
  -------         PROC          DEBUG_LED4
  C:5CBBH         LINE#         705
  C:5CBBH         LINE#         706
  C:5CBBH         LINE#         707
  C:5CBDH         LINE#         708
  C:5CC2H         LINE#         709
  C:5CC4H         LINE#         710
  C:5CC9H         LINE#         711
  C:5CCBH         LINE#         712
  C:5CD0H         LINE#         713
  C:5CD2H         LINE#         714
  C:5CD7H         LINE#         715
  -------         ENDPROC       DEBUG_LED4
  -------         PROC          DEBUG_LED8
  C:5CD8H         LINE#         716
  C:5CD8H         LINE#         717
  C:5CD8H         LINE#         718
  C:5CDAH         LINE#         719
  C:5CDFH         LINE#         720
  C:5CE1H         LINE#         721
  C:5CE6H         LINE#         722
  C:5CE8H         LINE#         723
  C:5CEDH         LINE#         724
  C:5CEFH         LINE#         725
  C:5CF4H         LINE#         726
  -------         ENDPROC       DEBUG_LED8
  -------         ENDMOD        INITIAL

  -------         MODULE        INTERRUPT
  C:0000H         SYMBOL        _ICE_DUMMY_
  D:0080H         PUBLIC        P0
  D:0090H         PUBLIC        P1
  D:00A0H         PUBLIC        P2
  D:00B0H         PUBLIC        P3
  D:00C0H         PUBLIC        P4
  D:0080H         PUBLIC        P5
  C:530EH         PUBLIC        InterruptTimer3
  B:0080H.4       PUBLIC        P0_4
  B:00E8H.1       PUBLIC        IE3
  D:0086H         PUBLIC        INSCON
  B:0088H.7       PUBLIC        TF3
  D:008DH         PUBLIC        TH3
  D:008CH         PUBLIC        TL3
  B:0088H.2       PUBLIC        TR3
  B:0098H.4       PUBLIC        REN
  C:5D2DH         PUBLIC        InterruptINT3
  B:00D8H.0       PUBLIC        IF40
  C:4D1AH         PUBLIC        InterruptINT4
  B:00D8H.4       PUBLIC        IF44
  B:00D8H.7       PUBLIC        IF47
BL51 BANKED LINKER/LOCATER V6.22                                                      10/24/2019  16:31:18  PAGE 25


  -------         PROC          INTERRUPTINT4
  C:4D1AH         LINE#         22
  C:4D37H         LINE#         25
  C:4D3AH         LINE#         26
  C:4D3AH         LINE#         27
  C:4D3CH         LINE#         28
  C:4D42H         LINE#         29
  C:4D42H         LINE#         30
  C:4D45H         LINE#         31
  C:4D47H         LINE#         32
  C:4D47H         LINE#         34
  C:4D49H         LINE#         36
  C:4D49H         LINE#         37
  C:4D4CH         LINE#         38
  C:4D4CH         LINE#         39
  C:4D4EH         LINE#         40
  C:4D54H         LINE#         41
  C:4D54H         LINE#         42
  C:4D57H         LINE#         44
  C:4D59H         LINE#         45
  C:4D59H         LINE#         46
  C:4D59H         LINE#         47
  C:4D5CH         LINE#         48
  C:4D5CH         LINE#         49
  C:4D5EH         LINE#         50
  C:4D5EH         LINE#         54
  -------         ENDPROC       INTERRUPTINT4
  -------         PROC          INTERRUPTTIMER3
  C:530EH         LINE#         66
  C:5316H         LINE#         68
  C:5319H         LINE#         69
  C:531BH         LINE#         72
  C:531EH         LINE#         73
  C:5321H         LINE#         74
  C:5323H         LINE#         76
  C:5326H         LINE#         78
  C:5328H         LINE#         106
  C:5331H         LINE#         107
  C:5331H         LINE#         108
  C:5334H         LINE#         109
  C:5336H         LINE#         110
  C:5336H         LINE#         112
  C:5341H         LINE#         113
  C:5341H         LINE#         114
  C:5343H         LINE#         115
  C:5348H         LINE#         116
  C:5348H         LINE#         118
  C:534BH         LINE#         119
  C:534DH         LINE#         120
  C:5350H         LINE#         122
  -------         ENDPROC       INTERRUPTTIMER3
  -------         PROC          INTERRUPTINT3
  C:5D2DH         LINE#         125
  C:5D33H         LINE#         128
  C:5D36H         LINE#         129
  C:5D36H         LINE#         130
  C:5D38H         LINE#         134
BL51 BANKED LINKER/LOCATER V6.22                                                      10/24/2019  16:31:18  PAGE 26


  C:5D3AH         LINE#         135
  C:5D40H         LINE#         137
  C:5D40H         LINE#         139
  -------         ENDPROC       INTERRUPTINT3
  -------         ENDMOD        INTERRUPT

  -------         MODULE        AFEPROCESS
  C:0000H         SYMBOL        _ICE_DUMMY_
  D:0080H         PUBLIC        P0
  D:0090H         PUBLIC        P1
  D:00A0H         PUBLIC        P2
  C:2186H         PUBLIC        CurrProcess
  D:00B0H         PUBLIC        P3
  D:00C0H         PUBLIC        P4
  C:33D3H         PUBLIC        CurrProtect
  D:0080H         PUBLIC        P5
  D:00A8H         PUBLIC        IEN0
  B:0080H.6       PUBLIC        P0_6
  C:578FH         PUBLIC        ControlMos
  C:34E1H         PUBLIC        VolProcess
  C:28E7H         PUBLIC        VolProtect
  C:3E51H         PUBLIC        CheckCharger
  C:5359H         PUBLIC        WaitADCConvert
  C:5C22H         PUBLIC        IntoPowerDown
  C:4531H         PUBLIC        ProtectProcess
  C:4E36H         PUBLIC        AFERamCheck
  C:2A4EH         PUBLIC        ChkMosStatus
  C:543AH         PUBLIC        AlarmProcess
  C:3B44H         PUBLIC        PorOnProtect
  C:3A79H         PUBLIC        CheckLoad
  C:13A9H         PUBLIC        TempeProtect
  C:41A6H         PUBLIC        RecoveryOC
  -------         PROC          VOLPROTECT
  C:28E7H         LINE#         20
  C:28E7H         LINE#         21
  C:28E7H         LINE#         22
  C:28EAH         LINE#         23
  C:28EAH         LINE#         24
  C:28F9H         LINE#         25
  C:28F9H         LINE#         26
  C:2915H         LINE#         27
  C:2915H         LINE#         28
  C:2917H         LINE#         29
  C:2919H         LINE#         30
  C:291DH         LINE#         31
  C:291DH         LINE#         32
  C:291FH         LINE#         33
  C:292EH         LINE#         34
  C:292EH         LINE#         35
  C:2937H         LINE#         36
  C:2937H         LINE#         37
  C:293AH         LINE#         38
  C:293AH         LINE#         39
  C:293AH         LINE#         40
  C:293CH         LINE#         42
  C:293CH         LINE#         43
  C:294BH         LINE#         44
BL51 BANKED LINKER/LOCATER V6.22                                                      10/24/2019  16:31:18  PAGE 27


  C:294BH         LINE#         45
  C:2967H         LINE#         46
  C:2967H         LINE#         47
  C:2969H         LINE#         48
  C:296EH         LINE#         49
  C:2972H         LINE#         50
  C:2972H         LINE#         51
  C:2974H         LINE#         52
  C:2983H         LINE#         53
  C:2983H         LINE#         54
  C:298BH         LINE#         55
  C:298BH         LINE#         56
  C:298EH         LINE#         57
  C:298EH         LINE#         58
  C:298EH         LINE#         59
  C:298EH         LINE#         61
  C:2991H         LINE#         62
  C:2991H         LINE#         63
  C:29A0H         LINE#         64
  C:29A0H         LINE#         65
  C:29BFH         LINE#         66
  C:29BFH         LINE#         67
  C:29C1H         LINE#         68
  C:29C3H         LINE#         69
  C:29C7H         LINE#         71
  C:29C9H         LINE#         72
  C:29CBH         LINE#         73
  C:29CFH         LINE#         74
  C:29D6H         LINE#         75
  C:29DFH         LINE#         76
  C:29DFH         LINE#         77
  C:29E0H         LINE#         78
  C:29EFH         LINE#         79
  C:29EFH         LINE#         80
  C:29F7H         LINE#         81
  C:29F7H         LINE#         82
  C:29FAH         LINE#         83
  C:29FAH         LINE#         84
  C:29FAH         LINE#         85
  C:29FBH         LINE#         87
  C:29FBH         LINE#         88
  C:2A0AH         LINE#         89
  C:2A0AH         LINE#         90
  C:2A26H         LINE#         91
  C:2A26H         LINE#         92
  C:2A28H         LINE#         93
  C:2A2DH         LINE#         94
  C:2A31H         LINE#         95
  C:2A31H         LINE#         96
  C:2A32H         LINE#         97
  C:2A41H         LINE#         98
  C:2A41H         LINE#         99
  C:2A4AH         LINE#         100
  C:2A4AH         LINE#         101
  C:2A4DH         LINE#         102
  C:2A4DH         LINE#         103
  C:2A4DH         LINE#         104
BL51 BANKED LINKER/LOCATER V6.22                                                      10/24/2019  16:31:18  PAGE 28


  C:2A4DH         LINE#         108
  -------         ENDPROC       VOLPROTECT
  -------         PROC          TEMPEPROTECT
  C:13A9H         LINE#         118
  C:13A9H         LINE#         119
  C:13A9H         LINE#         120
  C:13ACH         LINE#         121
  C:13ACH         LINE#         122
  C:13C2H         LINE#         123
  C:13C2H         LINE#         124
  C:13E1H         LINE#         125
  C:13E1H         LINE#         126
  C:13E3H         LINE#         127
  C:13E5H         LINE#         128
  C:13E9H         LINE#         129
  C:13E9H         LINE#         130
  C:13EBH         LINE#         131
  C:13FAH         LINE#         132
  C:13FAH         LINE#         133
  C:1402H         LINE#         134
  C:1402H         LINE#         135
  C:1405H         LINE#         136
  C:1405H         LINE#         137
  C:1405H         LINE#         138
  C:1407H         LINE#         140
  C:1407H         LINE#         141
  C:141DH         LINE#         142
  C:141DH         LINE#         143
  C:1439H         LINE#         144
  C:1439H         LINE#         145
  C:143BH         LINE#         146
  C:1440H         LINE#         147
  C:1444H         LINE#         148
  C:1444H         LINE#         149
  C:1446H         LINE#         150
  C:1455H         LINE#         151
  C:1455H         LINE#         152
  C:145EH         LINE#         153
  C:145EH         LINE#         154
  C:1461H         LINE#         155
  C:1461H         LINE#         156
  C:1461H         LINE#         157
  C:1461H         LINE#         159
  C:1464H         LINE#         160
  C:1464H         LINE#         161
  C:147AH         LINE#         162
  C:147AH         LINE#         163
  C:1499H         LINE#         164
  C:1499H         LINE#         165
  C:149BH         LINE#         166
  C:149DH         LINE#         167
  C:14A1H         LINE#         168
  C:14A1H         LINE#         169
  C:14A3H         LINE#         170
  C:14B2H         LINE#         171
  C:14B2H         LINE#         172
  C:14BBH         LINE#         173
BL51 BANKED LINKER/LOCATER V6.22                                                      10/24/2019  16:31:18  PAGE 29


  C:14BBH         LINE#         174
  C:14BEH         LINE#         175
  C:14BEH         LINE#         176
  C:14BEH         LINE#         177
  C:14C0H         LINE#         179
  C:14C0H         LINE#         180
  C:14D6H         LINE#         181
  C:14D6H         LINE#         182
  C:14F2H         LINE#         183
  C:14F2H         LINE#         184
  C:14F4H         LINE#         185
  C:14F9H         LINE#         186
  C:14FDH         LINE#         187
  C:14FDH         LINE#         188
  C:14FFH         LINE#         189
  C:150EH         LINE#         190
  C:150EH         LINE#         191
  C:1516H         LINE#         192
  C:1516H         LINE#         193
  C:1519H         LINE#         194
  C:1519H         LINE#         195
  C:1519H         LINE#         196
  C:1519H         LINE#         198
  C:151CH         LINE#         199
  C:151CH         LINE#         200
  C:1532H         LINE#         201
  C:1532H         LINE#         202
  C:1551H         LINE#         203
  C:1551H         LINE#         207
  C:1553H         LINE#         208
  C:1555H         LINE#         209
  C:1559H         LINE#         210
  C:1559H         LINE#         211
  C:155BH         LINE#         212
  C:156AH         LINE#         213
  C:156AH         LINE#         214
  C:1572H         LINE#         215
  C:1572H         LINE#         216
  C:1575H         LINE#         217
  C:1575H         LINE#         218
  C:1575H         LINE#         219
  C:1577H         LINE#         221
  C:1577H         LINE#         222
  C:158DH         LINE#         223
  C:158DH         LINE#         224
  C:15A9H         LINE#         225
  C:15A9H         LINE#         229
  C:15ABH         LINE#         230
  C:15B0H         LINE#         231
  C:15B4H         LINE#         232
  C:15B4H         LINE#         233
  C:15B6H         LINE#         234
  C:15C5H         LINE#         235
  C:15C5H         LINE#         236
  C:15CEH         LINE#         237
  C:15CEH         LINE#         238
  C:15D1H         LINE#         239
BL51 BANKED LINKER/LOCATER V6.22                                                      10/24/2019  16:31:18  PAGE 30


  C:15D1H         LINE#         240
  C:15D1H         LINE#         241
  C:15D1H         LINE#         243
  C:15D4H         LINE#         244
  C:15D4H         LINE#         245
  C:15EAH         LINE#         246
  C:15EAH         LINE#         247
  C:1609H         LINE#         248
  C:1609H         LINE#         249
  C:160BH         LINE#         250
  C:160DH         LINE#         251
  C:1611H         LINE#         252
  C:1611H         LINE#         253
  C:1612H         LINE#         254
  C:1621H         LINE#         255
  C:1621H         LINE#         256
  C:162AH         LINE#         257
  C:162AH         LINE#         258
  C:162DH         LINE#         259
  C:162DH         LINE#         260
  C:162DH         LINE#         261
  C:162EH         LINE#         263
  C:162EH         LINE#         264
  C:1644H         LINE#         265
  C:1644H         LINE#         266
  C:1660H         LINE#         267
  C:1660H         LINE#         268
  C:1662H         LINE#         269
  C:1667H         LINE#         270
  C:166BH         LINE#         271
  C:166BH         LINE#         272
  C:166CH         LINE#         273
  C:167BH         LINE#         274
  C:167BH         LINE#         275
  C:1683H         LINE#         276
  C:1683H         LINE#         277
  C:1686H         LINE#         278
  C:1686H         LINE#         279
  C:1686H         LINE#         280
  C:1686H         LINE#         284
  -------         ENDPROC       TEMPEPROTECT
  -------         PROC          CHKMOSSTATUS
  -------         DO            
  X:0200H         SYMBOL        bChgerConectFlg_test
  -------         ENDDO         
  C:2A4EH         LINE#         294
  C:2A4EH         LINE#         295
  C:2A4EH         LINE#         296
  C:2A53H         LINE#         297
  C:2A55H         LINE#         298
  C:2A57H         LINE#         300
  C:2A5DH         LINE#         301
  C:2A5DH         LINE#         302
  C:2A5FH         LINE#         303
  C:2A5FH         LINE#         315
  C:2A7DH         LINE#         316
  C:2A7DH         LINE#         317
BL51 BANKED LINKER/LOCATER V6.22                                                      10/24/2019  16:31:18  PAGE 31


  C:2A7FH         LINE#         320
  C:2A7FH         LINE#         322
  C:2A7FH         LINE#         331
  C:2A7FH         LINE#         333
  C:2A82H         LINE#         334
  C:2A82H         LINE#         345
  C:2A94H         LINE#         346
  C:2A94H         LINE#         350
  C:2A96H         LINE#         351
  C:2A96H         LINE#         352
  C:2A96H         LINE#         355
  C:2AA5H         LINE#         356
  C:2AA5H         LINE#         360
  C:2AA7H         LINE#         361
  C:2AA7H         LINE#         365
  C:2B7AH         LINE#         372
  C:2BA8H         LINE#         374
  -------         ENDPROC       CHKMOSSTATUS
  -------         PROC          CONTROLMOS
  C:578FH         LINE#         384
  C:578FH         LINE#         385
  C:578FH         LINE#         386
  C:5792H         LINE#         387
  C:5792H         LINE#         388
  C:5799H         LINE#         389
  C:579BH         LINE#         391
  C:579BH         LINE#         392
  C:57A2H         LINE#         393
  C:57A2H         LINE#         395
  C:57A5H         LINE#         396
  C:57A5H         LINE#         397
  C:57ACH         LINE#         398
  C:57AEH         LINE#         400
  C:57AEH         LINE#         401
  C:57B5H         LINE#         402
  C:57B5H         LINE#         405
  C:57C2H         LINE#         406
  C:57C2H         LINE#         407
  C:57C7H         LINE#         408
  C:57D0H         LINE#         409
  C:57D0H         LINE#         412
  -------         ENDPROC       CONTROLMOS
  -------         PROC          RECOVERYOC
  C:41A6H         LINE#         422
  C:41A6H         LINE#         423
  C:41A6H         LINE#         424
  C:41ACH         LINE#         425
  C:41ACH         LINE#         426
  C:41B5H         LINE#         427
  C:41B5H         LINE#         428
  C:41D3H         LINE#         429
  C:41D3H         LINE#         431
  C:41D5H         LINE#         432
  C:41DAH         LINE#         433
  C:41E0H         LINE#         434
  C:41E2H         LINE#         436
  C:41E6H         LINE#         437
BL51 BANKED LINKER/LOCATER V6.22                                                      10/24/2019  16:31:18  PAGE 32


  C:41E8H         LINE#         438
  C:41EBH         LINE#         439
  C:41EBH         LINE#         440
  C:41EDH         LINE#         441
  C:41F4H         LINE#         442
  C:41FDH         LINE#         443
  C:4204H         LINE#         444
  C:420DH         LINE#         445
  C:420DH         LINE#         446
  C:420DH         LINE#         447
[...]
  C:583FH         LINE#         100
  C:5842H         LINE#         101
  C:5847H         LINE#         102
  C:584EH         LINE#         104
  C:5851H         LINE#         105
  -------         ENDPROC       _GETAD_VALUE
  -------         PROC          _PAIXU
  D:0001H         SYMBOL        arr
  X:022DH         SYMBOL        len
  -------         DO            
  X:022EH         SYMBOL        i
  X:0230H         SYMBOL        j
  X:0232H         SYMBOL        t
  -------         ENDDO         
  C:307FH         LINE#         116
  C:3084H         LINE#         117
  C:3084H         LINE#         119
  C:30AAH         LINE#         120
  C:30DEH         LINE#         121
  C:30DEH         LINE#         122
  C:310FH         LINE#         123
  C:310FH         LINE#         124
  C:317FH         LINE#         125
  C:317FH         LINE#         126
  C:31A1H         LINE#         127
  -------         ENDPROC       _PAIXU
  -------         PROC          _ADCREAD
  X:0204H         SYMBOL        ucAdcChannal
  -------         DO            
  X:0205H         SYMBOL        sum
  X:0207H         SYMBOL        ad_temp
  X:0209H         SYMBOL        ad_val
  D:0003H         SYMBOL        i
  D:0006H         SYMBOL        adc_data
  -------         ENDDO         
  C:4850H         LINE#         139
  C:4855H         LINE#         140
  C:4855H         LINE#         142
  C:485EH         LINE#         143
  C:4870H         LINE#         147
  C:4872H         LINE#         148
  C:4872H         LINE#         149
  C:488BH         LINE#         157
  C:4890H         LINE#         159
  C:489BH         LINE#         160
  C:489BH         LINE#         161
  C:489BH         LINE#         162
  C:48B8H         LINE#         163
  C:48BDH         LINE#         164
  C:48CFH         LINE#         166
  C:48CFH         LINE#         167
BL51 BANKED LINKER/LOCATER V6.22                                                      10/24/2019  16:31:18  PAGE 106


  -------         ENDPROC       _ADCREAD
  -------         ENDMOD        ADC

  -------         MODULE        FUNCKEY
  C:0000H         SYMBOL        _ICE_DUMMY_
  D:0080H         PUBLIC        P0
  D:0090H         PUBLIC        P1
  D:00A0H         PUBLIC        P2
  D:00B0H         PUBLIC        P3
  D:00C0H         PUBLIC        P4
  D:0080H         PUBLIC        P5
  C:5D79H         SYMBOL        Key_Read
  B:00A0H.3       PUBLIC        P2_3
  X:02C5H         PUBLIC        Cont
  C:55A8H         SYMBOL        Key_Proc
  X:02C6H         PUBLIC        Trg
  X:02C7H         PUBLIC        Once_key_flag
  C:5E78H         PUBLIC        Scan_key
  X:02C8H         PUBLIC        cnt_shake
  X:02C9H         PUBLIC        KEY_State
  C:5E67H         SYMBOL        button_key0_read
  -------         PROC          BUTTON_KEY0_READ
  C:5E67H         LINE#         13
  C:5E67H         LINE#         14
  C:5E67H         LINE#         15
  C:5E6AH         LINE#         16
  C:5E6AH         LINE#         18
  C:5E6DH         LINE#         19
  C:5E6DH         LINE#         21
  C:5E6DH         LINE#         23
  C:5E6FH         LINE#         24
  C:5E6FH         LINE#         26
  -------         ENDPROC       BUTTON_KEY0_READ
  -------         PROC          KEY_READ
  -------         DO            
  D:0005H         SYMBOL        ReadData
  -------         ENDDO         
  C:5D79H         LINE#         36
  C:5D79H         LINE#         37
  C:5D79H         LINE#         39
  C:5D7FH         LINE#         40
  C:5D87H         LINE#         41
  C:5D8EH         LINE#         45
  -------         ENDPROC       KEY_READ
  -------         PROC          KEY_PROC
  C:55A8H         LINE#         62
  C:55A8H         LINE#         63
  C:55A8H         LINE#         67
  C:55A8H         LINE#         69
  C:55AFH         LINE#         70
  C:55AFH         LINE#         75
  C:55B6H         LINE#         76
  C:55B6H         LINE#         77
  C:55B6H         LINE#         82
  C:55B6H         LINE#         83
  C:55B6H         LINE#         88
  C:55B6H         LINE#         89
BL51 BANKED LINKER/LOCATER V6.22                                                      10/24/2019  16:31:18  PAGE 107


  C:55B6H         LINE#         94
  C:55B6H         LINE#         95
  C:55B6H         LINE#         100
  C:55B6H         LINE#         101
  C:55B6H         LINE#         106
  C:55B6H         LINE#         108
  C:55B6H         LINE#         109
  C:55C1H         LINE#         110
  C:55C1H         LINE#         111
  C:55C3H         LINE#         112
  C:55C3H         LINE#         113
  C:55C3H         LINE#         114
  C:55C3H         LINE#         126
  C:55D7H         LINE#         127
  C:55D7H         LINE#         128
  C:55DDH         LINE#         129
  C:55DFH         LINE#         131
  C:55DFH         LINE#         132
  C:55E4H         LINE#         133
  C:55E4H         LINE#         135
  C:55EDH         LINE#         136
  C:55EDH         LINE#         141
  C:55F0H         LINE#         143
  C:55F0H         LINE#         146
  -------         ENDPROC       KEY_PROC
  -------         PROC          SCAN_KEY
  C:5E78H         LINE#         153
  C:5E78H         LINE#         154
  C:5E78H         LINE#         155
  C:5E7BH         LINE#         156
  C:5E7EH         LINE#         157
  -------         ENDPROC       SCAN_KEY
  -------         ENDMOD        FUNCKEY

  -------         MODULE        ISP
  C:0000H         SYMBOL        _ICE_DUMMY_
  D:00F3H         PUBLIC        IB_CON2
  D:0080H         PUBLIC        P0
  D:00F4H         PUBLIC        IB_CON3
  D:0090H         PUBLIC        P1
  D:00F5H         PUBLIC        IB_CON4
  D:00A0H         PUBLIC        P2
  D:00F6H         PUBLIC        IB_CON5
  D:00B0H         PUBLIC        P3
  D:00C0H         PUBLIC        P4
  D:009DH         PUBLIC        SBRTH
  D:0080H         PUBLIC        P5
  B:00A8H.7       PUBLIC        EA
  D:00FCH         PUBLIC        IB_DATA
  D:009CH         PUBLIC        SBRTL
  D:00E1H         PUBLIC        P0CR
  B:0098H.0       PUBLIC        RI
  B:0098H.1       PUBLIC        TI
  D:0081H         PUBLIC        SP
  C:F509H         PUBLIC        ISPProcessCMD
  D:0099H         PUBLIC        SBUF
  D:0098H         PUBLIC        SCON
BL51 BANKED LINKER/LOCATER V6.22                                                      10/24/2019  16:31:18  PAGE 108


  D:00FBH         PUBLIC        IB_OFFSET
  D:00B1H         PUBLIC        RSTSTAT
  D:00B2H         PUBLIC        CLKCON
  C:F400H         PUBLIC        ISPProcess
  D:00A7H         PUBLIC        FLASHCON
  B:0098H.4       PUBLIC        REN
  D:00E9H         PUBLIC        P0PCR
  D:009BH         PUBLIC        SADEN
  D:009AH         PUBLIC        SADDR
  D:009EH         PUBLIC        SFINE
  D:00F7H         PUBLIC        XPAGE
  D:00F2H         PUBLIC        IB_CON1
  -------         PROC          ISPPROCESS
  C:F400H         LINE#         19
  C:F400H         LINE#         20
  C:F400H         LINE#         21
  C:F402H         LINE#         22
  C:F405H         LINE#         23
  C:F408H         LINE#         24
  C:F409H         LINE#         25
  C:F40AH         LINE#         26
  C:F40BH         LINE#         27
  C:F40CH         LINE#         28
  C:F40DH         LINE#         29
  C:F40EH         LINE#         30
  C:F40FH         LINE#         31
  C:F410H         LINE#         32
  C:F413H         LINE#         34
  C:F418H         LINE#         35
  C:F41CH         LINE#         36
  C:F41EH         LINE#         37
  C:F420H         LINE#         38
  C:F422H         LINE#         39
  C:F426H         LINE#         41
  C:F429H         LINE#         42
  C:F42CH         LINE#         43
  C:F42FH         LINE#         45
  C:F432H         LINE#         46
  C:F435H         LINE#         47
  C:F438H         LINE#         48
  C:F43BH         LINE#         49
  C:F43EH         LINE#         50
  C:F441H         LINE#         52
  C:F441H         LINE#         53
  C:F441H         LINE#         54
  C:F444H         LINE#         55
  C:F44AH         LINE#         56
  C:F44AH         LINE#         57
  C:F45AH         LINE#         58
  C:F460H         LINE#         59
  C:F468H         LINE#         60
  C:F468H         LINE#         61
  C:F46DH         LINE#         62
  C:F471H         LINE#         63
  C:F473H         LINE#         64
  C:F47CH         LINE#         65
  C:F47CH         LINE#         66
BL51 BANKED LINKER/LOCATER V6.22                                                      10/24/2019  16:31:18  PAGE 109


  C:F495H         LINE#         67
  C:F495H         LINE#         68
  C:F497H         LINE#         69
  C:F49CH         LINE#         70
  C:F4AEH         LINE#         71
  C:F4AEH         LINE#         72
  C:F4B3H         LINE#         73
  C:F4B5H         LINE#         75
  C:F4B5H         LINE#         76
  C:F4BAH         LINE#         77
  C:F4BAH         LINE#         78
  C:F4BAH         LINE#         79
  C:F4BCH         LINE#         80
  C:F4C6H         LINE#         81
  C:F4C6H         LINE#         82
  C:F4CAH         LINE#         83
  C:F4CAH         LINE#         84
  C:F4CDH         LINE#         85
  C:F4D2H         LINE#         86
  C:F4D2H         LINE#         87
  C:F4D2H         LINE#         88
  C:F4D4H         LINE#         89
  C:F4D4H         LINE#         91
  C:F4DAH         LINE#         92
  C:F4DAH         LINE#         93
  C:F4E0H         LINE#         94
  C:F4EEH         LINE#         95
  C:F4EEH         LINE#         96
  C:F4F0H         LINE#         97
  C:F4F2H         LINE#         98
  C:F4F4H         LINE#         100
  C:F4F4H         LINE#         101
  C:F4F6H         LINE#         102
  C:F503H         LINE#         103
  C:F503H         LINE#         104
  C:F505H         LINE#         105
  C:F505H         LINE#         106
  -------         ENDPROC       ISPPROCESS
  -------         PROC          ISPPROCESSCMD
  -------         DO            
  D:002FH         SYMBOL        i
  D:0030H         SYMBOL        DataChksum
  D:0031H         SYMBOL        SendState
  D:0032H         SYMBOL        j
  D:0034H         SYMBOL        UartStartAddr
  D:0036H         SYMBOL        UartDataLen
  D:0038H         SYMBOL        UartChksum
  -------         ENDDO         
  C:F509H         LINE#         116
  C:F509H         LINE#         117
  C:F509H         LINE#         121
  C:F530H         LINE#         122
  C:F530H         LINE#         124
  C:F539H         LINE#         125
  C:F539H         LINE#         126
  C:F53FH         LINE#         133
  C:F53FH         LINE#         134
BL51 BANKED LINKER/LOCATER V6.22                                                      10/24/2019  16:31:18  PAGE 110


  C:F545H         LINE#         135
  C:F54CH         LINE#         136
  C:F54CH         LINE#         138
  C:F54FH         LINE#         139
  C:F552H         LINE#         140
  C:F555H         LINE#         141
  C:F558H         LINE#         142
  C:F55BH         LINE#         143
  C:F55CH         LINE#         144
  C:F55DH         LINE#         145
  C:F55EH         LINE#         146
  C:F55FH         LINE#         149
  C:F562H         LINE#         150
  C:F572H         LINE#         151
  C:F572H         LINE#         152
  C:F575H         LINE#         153
  C:F58DH         LINE#         154
  C:F58DH         LINE#         155
  C:F590H         LINE#         156
  C:F592H         LINE#         157
  C:F592H         LINE#         158
  C:F59CH         LINE#         159
  C:F5A1H         LINE#         160
  C:F5A6H         LINE#         162
  C:F5A8H         LINE#         163
  C:F5ABH         LINE#         164
  C:F5AEH         LINE#         166
  C:F5B6H         LINE#         167
  C:F5B6H         LINE#         168
  C:F5B8H         LINE#         169
  C:F5BAH         LINE#         170
  C:F5BAH         LINE#         171
  C:F5BDH         LINE#         172
  C:F5CDH         LINE#         173
  C:F5D4H         LINE#         175
  C:F5E4H         LINE#         176
  C:F5E4H         LINE#         177
  C:F5E7H         LINE#         178
  C:F5E9H         LINE#         180
  C:F5E9H         LINE#         181
  C:F5EFH         LINE#         182
  C:F5F3H         LINE#         183
  C:F5F7H         LINE#         184
  C:F5FAH         LINE#         185
  C:F5FAH         LINE#         186
  C:F5FDH         LINE#         187
  C:F60BH         LINE#         188
  C:F60EH         LINE#         189
  C:F611H         LINE#         190
  C:F614H         LINE#         191
  C:F617H         LINE#         192
  C:F61AH         LINE#         193
  C:F61BH         LINE#         194
  C:F61CH         LINE#         195
  C:F61DH         LINE#         196
  C:F61EH         LINE#         197
  C:F620H         LINE#         198
BL51 BANKED LINKER/LOCATER V6.22                                                      10/24/2019  16:31:18  PAGE 111


  C:F627H         LINE#         199
  C:F62AH         LINE#         200
  C:F62AH         LINE#         201
  C:F62FH         LINE#         202
  C:F634H         LINE#         203
  C:F636H         LINE#         204
  C:F639H         LINE#         205
  C:F63CH         LINE#         208
  C:F648H         LINE#         209
  C:F648H         LINE#         210
  C:F64CH         LINE#         211
  C:F652H         LINE#         212
  C:F657H         LINE#         213
  C:F662H         LINE#         214
  C:F66EH         LINE#         215
  C:F67EH         LINE#         216
  C:F67EH         LINE#         217
  C:F681H         LINE#         218
  C:F699H         LINE#         219
  C:F6A3H         LINE#         221
  C:F6A8H         LINE#         222
  C:F6ADH         LINE#         223
  C:F6C0H         LINE#         224
  C:F6C0H         LINE#         225
  C:F6C2H         LINE#         226
  C:F6C5H         LINE#         227
  C:F6C8H         LINE#         229
  C:F6C8H         LINE#         230
  C:F6CAH         LINE#         231
  C:F6CDH         LINE#         232
  C:F6CDH         LINE#         233
  C:F6D0H         LINE#         235
  C:F6D5H         LINE#         236
  C:F6D5H         LINE#         237
  C:F6DBH         LINE#         238
  C:F6E7H         LINE#         239
  C:F6EAH         LINE#         240
  C:F6ECH         LINE#         241
  C:F6ECH         LINE#         242
  C:F6EFH         LINE#         243
  C:F70CH         LINE#         244
  C:F71CH         LINE#         245
  C:F723H         LINE#         246
  C:F731H         LINE#         248
  C:F736H         LINE#         249
  C:F73CH         LINE#         250
  C:F73EH         LINE#         251
  C:F74EH         LINE#         252
  C:F750H         LINE#         254
  C:F759H         LINE#         255
  C:F759H         LINE#         256
  C:F75EH         LINE#         257
  C:F762H         LINE#         258
  C:F766H         LINE#         259
  C:F76AH         LINE#         260
  C:F77EH         LINE#         261
  C:F782H         LINE#         262
BL51 BANKED LINKER/LOCATER V6.22                                                      10/24/2019  16:31:18  PAGE 112


  C:F787H         LINE#         263
  C:F78DH         LINE#         264
  C:F78FH         LINE#         265
  C:F79FH         LINE#         266
  C:F7A1H         LINE#         268
  C:F7A5H         LINE#         269
  C:F7A5H         LINE#         270
  C:F7ACH         LINE#         271
  C:F7ACH         LINE#         272
  C:F7AFH         LINE#         273
  C:F7B1H         LINE#         274
  C:F7B7H         LINE#         275
  C:F7BAH         LINE#         276
  C:F7BAH         LINE#         277
  C:F7BAH         LINE#         278
  C:F7BAH         LINE#         280
  C:F7BDH         LINE#         281
  C:F7BFH         LINE#         282
  -------         ENDPROC       ISPPROCESSCMD
  -------         ENDMOD        ISP

  -------         MODULE        ?C?COPY
  C:08B8H         PUBLIC        ?C?COPY
  -------         ENDMOD        ?C?COPY

  -------         MODULE        ?C?CLDPTR
  C:08DEH         PUBLIC        ?C?CLDPTR
  -------         ENDMOD        ?C?CLDPTR

  -------         MODULE        ?C?IMUL
  C:08F7H         PUBLIC        ?C?IMUL
  -------         ENDMOD        ?C?IMUL

  -------         MODULE        ?C?UIDIV
  C:0909H         PUBLIC        ?C?UIDIV
  -------         ENDMOD        ?C?UIDIV

  -------         MODULE        ?C?SIDIV
  C:095EH         PUBLIC        ?C?SIDIV
  -------         ENDMOD        ?C?SIDIV

  -------         MODULE        ?C?IILDX
  C:0994H         PUBLIC        ?C?IILDX
  -------         ENDMOD        ?C?IILDX

  -------         MODULE        ?C?ILDIX
  C:09AAH         PUBLIC        ?C?ILDIX
  -------         ENDMOD        ?C?ILDIX

  -------         MODULE        ?C?ILDOPTR
  C:09C0H         PUBLIC        ?C?ILDOPTR
  -------         ENDMOD        ?C?ILDOPTR

  -------         MODULE        ?C?ISTOPTR
  C:09F8H         PUBLIC        ?C?ISTOPTR
  -------         ENDMOD        ?C?ISTOPTR

BL51 BANKED LINKER/LOCATER V6.22                                                      10/24/2019  16:31:18  PAGE 113


  -------         MODULE        ?C?LMUL
  C:0A25H         PUBLIC        ?C?LMUL
  -------         ENDMOD        ?C?LMUL

  -------         MODULE        ?C?ULDIV
  C:0AB0H         PUBLIC        ?C?ULDIV
  -------         ENDMOD        ?C?ULDIV

  -------         MODULE        ?C?SLDIV
  C:5708H         PUBLIC        ?C?SLDIV
  -------         ENDMOD        ?C?SLDIV

  -------         MODULE        ?C?LNEG
  C:0B42H         PUBLIC        ?C?LNEG
  -------         ENDMOD        ?C?LNEG

  -------         MODULE        ?C?SLCMP
  C:0B50H         PUBLIC        ?C?SLCMP
  -------         ENDMOD        ?C?SLCMP

  -------         MODULE        ?C?ULCMP
  C:0B66H         PUBLIC        ?C?ULCMP
  -------         ENDMOD        ?C?ULCMP

  -------         MODULE        ?C?ULSHR
  C:0B77H         PUBLIC        ?C?ULSHR
  -------         ENDMOD        ?C?ULSHR

  -------         MODULE        ?C?SLSHR
  C:0B8AH         PUBLIC        ?C?SLSHR
  -------         ENDMOD        ?C?SLSHR

  -------         MODULE        ?C?LSHL
  C:0B9EH         PUBLIC        ?C?LSHL
  -------         ENDMOD        ?C?LSHL

  -------         MODULE        ?C?LSTXDATA
  C:0BB1H         PUBLIC        ?C?LSTXDATA
  -------         ENDMOD        ?C?LSTXDATA

  -------         MODULE        ?C?LSTKXDATA
  C:0BBDH         PUBLIC        ?C?LSTKXDATA
  -------         ENDMOD        ?C?LSTKXDATA

  -------         MODULE        ?C?CCASE
  C:0BEEH         PUBLIC        ?C?CCASE
  -------         ENDMOD        ?C?CCASE

  -------         MODULE        ?C?ICASE
  C:0C14H         PUBLIC        ?C?ICASE
  -------         ENDMOD        ?C?ICASE

  -------         MODULE        ?C?LIMUL
  C:0C41H         PUBLIC        ?C?LIMUL
  -------         ENDMOD        ?C?LIMUL

  -------         MODULE        PRINTF
BL51 BANKED LINKER/LOCATER V6.22                                                      10/24/2019  16:31:18  PAGE 114


  X:0205H         PUBLIC        ?_PRINTF517?BYTE
  X:0205H         PUBLIC        ?_PRINTF?BYTE
  X:0205H         PUBLIC        ?_SPRINTF517?BYTE
  X:0205H         PUBLIC        ?_SPRINTF?BYTE
  C:10AFH         PUBLIC        _PRINTF
  C:10AFH         PUBLIC        _PRINTF517
  C:10A9H         PUBLIC        _SPRINTF
  C:10A9H         PUBLIC        _SPRINTF517
  -------         ENDMOD        PRINTF

  -------         MODULE        ?C?CLDOPTR
  C:0C6EH         PUBLIC        ?C?CLDOPTR
  -------         ENDMOD        ?C?CLDOPTR

  -------         MODULE        ?C?CSTPTR
  C:0C9BH         PUBLIC        ?C?CSTPTR
  -------         ENDMOD        ?C?CSTPTR

  -------         MODULE        ?C?PLDIXDATA
  C:0CADH         PUBLIC        ?C?PLDIXDATA
  -------         ENDMOD        ?C?PLDIXDATA

  -------         MODULE        ?C?PSTXDATA
  C:0CC4H         PUBLIC        ?C?PSTXDATA
  -------         ENDMOD        ?C?PSTXDATA

Program Size: data=150.4 xdata=1718 code=25156
LINK/LOCATE RUN COMPLETE.  0 WARNING(S),  0 ERROR(S)
